nrf24.c:14:6:nRF24_Init	16	static
nrf24.c:22:9:nRF24_SendByte	40	static
nrf24.c:33:6:nRF24_WriteRegister	32	static
nrf24.c:45:6:nRF24_WriteMBRegister	32	static
nrf24.c:59:9:nRF24_ReadRegister	32	static
nrf24.c:73:6:nRF24_ReadMBRegister	40	static
nrf24.c:88:9:nRF24_GetStatus	8	static
nrf24.c:94:6:nRF24_SetRFChannel	16	static
nrf24.c:99:6:nRF24_SetRole	32	static
nrf24.c:109:6:nRF24_SetPowerMode	32	static
nrf24.c:119:6:nRF24_SetRFPower	32	static
nrf24.c:129:6:nRF24_SetDatarate	32	static
nrf24.c:139:6:nRF24_SetTXAddr	16	static
