nrf24.c:14:6:nRF24_Init	16	static
nrf24.c:22:9:nRF24_Command	40	static
nrf24.c:33:6:nRF24_WriteRegister	32	static
nrf24.c:45:6:nRF24_WriteMBRegister	32	static
nrf24.c:59:9:nRF24_ReadRegister	40	static
nrf24.c:74:6:nRF24_ReadMBRegister	40	static
nrf24.c:89:9:nRF24_GetStatus	8	static
nrf24.c:94:6:nRF24_SetRFChannel	16	static
nrf24.c:99:6:nRF24_SetRole	32	static
nrf24.c:109:6:nRF24_SetPowerMode	32	static
nrf24.c:119:6:nRF24_SetRFPower	32	static
nrf24.c:129:6:nRF24_SetDatarate	32	static
nrf24.c:139:6:nRF24_SetCRC	32	static
nrf24.c:149:9:nRF24_GetAddrWidth	8	static
nrf24.c:154:6:nRF24_SetAddrWidth	16	static
nrf24.c:159:6:nRF24_SetAddr	32	static
nrf24.c:176:6:nRF24_SetARD	32	static
nrf24.c:186:6:nRF24_SetARC	32	static
nrf24.c:196:6:nRF24_FlushTX	8	static
nrf24.c:201:6:nRF24_FlushRX	8	static
nrf24.c:206:6:nRF24_WriteTXPayload	32	static
nrf24.c:219:6:nRF24_DisableAA	16	static
