Archive member included to satisfy reference by file (symbol)

d:/st/stm32cubeide_1.4.0/stm32cubeide/plugins/com.st.stm32cube.ide.mcu.externaltools.gnu-tools-for-stm32.7-2018-q2-update.win32_1.5.0.202011040924/tools/bin/../lib/gcc/arm-none-eabi/7.3.1/../../../../arm-none-eabi/lib/thumb/v6-m\libc_nano.a(lib_a-errno.o)
                              Core/Src/syscalls.o (__errno)
d:/st/stm32cubeide_1.4.0/stm32cubeide/plugins/com.st.stm32cube.ide.mcu.externaltools.gnu-tools-for-stm32.7-2018-q2-update.win32_1.5.0.202011040924/tools/bin/../lib/gcc/arm-none-eabi/7.3.1/../../../../arm-none-eabi/lib/thumb/v6-m\libc_nano.a(lib_a-exit.o)
                              d:/st/stm32cubeide_1.4.0/stm32cubeide/plugins/com.st.stm32cube.ide.mcu.externaltools.gnu-tools-for-stm32.7-2018-q2-update.win32_1.5.0.202011040924/tools/bin/../lib/gcc/arm-none-eabi/7.3.1/../../../../arm-none-eabi/lib/thumb/v6-m/crt0.o (exit)
d:/st/stm32cubeide_1.4.0/stm32cubeide/plugins/com.st.stm32cube.ide.mcu.externaltools.gnu-tools-for-stm32.7-2018-q2-update.win32_1.5.0.202011040924/tools/bin/../lib/gcc/arm-none-eabi/7.3.1/../../../../arm-none-eabi/lib/thumb/v6-m\libc_nano.a(lib_a-impure.o)
                              d:/st/stm32cubeide_1.4.0/stm32cubeide/plugins/com.st.stm32cube.ide.mcu.externaltools.gnu-tools-for-stm32.7-2018-q2-update.win32_1.5.0.202011040924/tools/bin/../lib/gcc/arm-none-eabi/7.3.1/../../../../arm-none-eabi/lib/thumb/v6-m\libc_nano.a(lib_a-exit.o) (_global_impure_ptr)
d:/st/stm32cubeide_1.4.0/stm32cubeide/plugins/com.st.stm32cube.ide.mcu.externaltools.gnu-tools-for-stm32.7-2018-q2-update.win32_1.5.0.202011040924/tools/bin/../lib/gcc/arm-none-eabi/7.3.1/../../../../arm-none-eabi/lib/thumb/v6-m\libc_nano.a(lib_a-init.o)
                              d:/st/stm32cubeide_1.4.0/stm32cubeide/plugins/com.st.stm32cube.ide.mcu.externaltools.gnu-tools-for-stm32.7-2018-q2-update.win32_1.5.0.202011040924/tools/bin/../lib/gcc/arm-none-eabi/7.3.1/../../../../arm-none-eabi/lib/thumb/v6-m/crt0.o (__libc_init_array)
d:/st/stm32cubeide_1.4.0/stm32cubeide/plugins/com.st.stm32cube.ide.mcu.externaltools.gnu-tools-for-stm32.7-2018-q2-update.win32_1.5.0.202011040924/tools/bin/../lib/gcc/arm-none-eabi/7.3.1/../../../../arm-none-eabi/lib/thumb/v6-m\libc_nano.a(lib_a-memset.o)
                              d:/st/stm32cubeide_1.4.0/stm32cubeide/plugins/com.st.stm32cube.ide.mcu.externaltools.gnu-tools-for-stm32.7-2018-q2-update.win32_1.5.0.202011040924/tools/bin/../lib/gcc/arm-none-eabi/7.3.1/../../../../arm-none-eabi/lib/thumb/v6-m/crt0.o (memset)
d:/st/stm32cubeide_1.4.0/stm32cubeide/plugins/com.st.stm32cube.ide.mcu.externaltools.gnu-tools-for-stm32.7-2018-q2-update.win32_1.5.0.202011040924/tools/bin/../lib/gcc/arm-none-eabi/7.3.1/thumb/v6-m\libgcc.a(_udivsi3.o)
                              Core/Src/system_stm32l0xx.o (__aeabi_uidiv)
d:/st/stm32cubeide_1.4.0/stm32cubeide/plugins/com.st.stm32cube.ide.mcu.externaltools.gnu-tools-for-stm32.7-2018-q2-update.win32_1.5.0.202011040924/tools/bin/../lib/gcc/arm-none-eabi/7.3.1/thumb/v6-m\libgcc.a(_dvmd_tls.o)
                              d:/st/stm32cubeide_1.4.0/stm32cubeide/plugins/com.st.stm32cube.ide.mcu.externaltools.gnu-tools-for-stm32.7-2018-q2-update.win32_1.5.0.202011040924/tools/bin/../lib/gcc/arm-none-eabi/7.3.1/thumb/v6-m\libgcc.a(_udivsi3.o) (__aeabi_idiv0)
d:/st/stm32cubeide_1.4.0/stm32cubeide/plugins/com.st.stm32cube.ide.mcu.externaltools.gnu-tools-for-stm32.7-2018-q2-update.win32_1.5.0.202011040924/tools/bin/../lib/gcc/arm-none-eabi/7.3.1/thumb/v6-m\libgcc.a(_aeabi_uldivmod.o)
                              Drivers/STM32L0xx_HAL_Driver/Src/stm32l0xx_hal_rcc.o (__aeabi_uldivmod)
d:/st/stm32cubeide_1.4.0/stm32cubeide/plugins/com.st.stm32cube.ide.mcu.externaltools.gnu-tools-for-stm32.7-2018-q2-update.win32_1.5.0.202011040924/tools/bin/../lib/gcc/arm-none-eabi/7.3.1/thumb/v6-m\libgcc.a(_muldi3.o)
                              Drivers/STM32L0xx_HAL_Driver/Src/stm32l0xx_hal_rcc.o (__aeabi_lmul)
d:/st/stm32cubeide_1.4.0/stm32cubeide/plugins/com.st.stm32cube.ide.mcu.externaltools.gnu-tools-for-stm32.7-2018-q2-update.win32_1.5.0.202011040924/tools/bin/../lib/gcc/arm-none-eabi/7.3.1/thumb/v6-m\libgcc.a(_udivmoddi4.o)
                              d:/st/stm32cubeide_1.4.0/stm32cubeide/plugins/com.st.stm32cube.ide.mcu.externaltools.gnu-tools-for-stm32.7-2018-q2-update.win32_1.5.0.202011040924/tools/bin/../lib/gcc/arm-none-eabi/7.3.1/thumb/v6-m\libgcc.a(_aeabi_uldivmod.o) (__udivmoddi4)
d:/st/stm32cubeide_1.4.0/stm32cubeide/plugins/com.st.stm32cube.ide.mcu.externaltools.gnu-tools-for-stm32.7-2018-q2-update.win32_1.5.0.202011040924/tools/bin/../lib/gcc/arm-none-eabi/7.3.1/thumb/v6-m\libgcc.a(_clzdi2.o)
                              d:/st/stm32cubeide_1.4.0/stm32cubeide/plugins/com.st.stm32cube.ide.mcu.externaltools.gnu-tools-for-stm32.7-2018-q2-update.win32_1.5.0.202011040924/tools/bin/../lib/gcc/arm-none-eabi/7.3.1/thumb/v6-m\libgcc.a(_udivmoddi4.o) (__clzdi2)
[...]
Memory Configuration

Name             Origin             Length             Attributes
RAM              0x0000000020000000 0x0000000000002000 xrw
FLASH            0x0000000008000000 0x0000000000008000 xr
*default*        0x0000000000000000 0xffffffffffffffff

Linker script and memory map

LOAD d:/st/stm32cubeide_1.4.0/stm32cubeide/plugins/com.st.stm32cube.ide.mcu.externaltools.gnu-tools-for-stm32.7-2018-q2-update.win32_1.5.0.202011040924/tools/bin/../lib/gcc/arm-none-eabi/7.3.1/thumb/v6-m/crti.o
LOAD d:/st/stm32cubeide_1.4.0/stm32cubeide/plugins/com.st.stm32cube.ide.mcu.externaltools.gnu-tools-for-stm32.7-2018-q2-update.win32_1.5.0.202011040924/tools/bin/../lib/gcc/arm-none-eabi/7.3.1/thumb/v6-m/crtbegin.o
LOAD d:/st/stm32cubeide_1.4.0/stm32cubeide/plugins/com.st.stm32cube.ide.mcu.externaltools.gnu-tools-for-stm32.7-2018-q2-update.win32_1.5.0.202011040924/tools/bin/../lib/gcc/arm-none-eabi/7.3.1/../../../../arm-none-eabi/lib/thumb/v6-m/crt0.o
LOAD Core/Src/main.o
LOAD Core/Src/nrf24.o
LOAD Core/Src/stm32l0xx_hal_msp.o
LOAD Core/Src/stm32l0xx_it.o
LOAD Core/Src/syscalls.o
LOAD Core/Src/sysmem.o
LOAD Core/Src/system_stm32l0xx.o
LOAD Core/Startup/startup_stm32l031g6ux.o
LOAD Drivers/STM32L0xx_HAL_Driver/Src/stm32l0xx_hal.o
LOAD Drivers/STM32L0xx_HAL_Driver/Src/stm32l0xx_hal_adc.o
LOAD Drivers/STM32L0xx_HAL_Driver/Src/stm32l0xx_hal_adc_ex.o
LOAD Drivers/STM32L0xx_HAL_Driver/Src/stm32l0xx_hal_cortex.o
LOAD Drivers/STM32L0xx_HAL_Driver/Src/stm32l0xx_hal_dma.o
LOAD Drivers/STM32L0xx_HAL_Driver/Src/stm32l0xx_hal_exti.o
LOAD Drivers/STM32L0xx_HAL_Driver/Src/stm32l0xx_hal_flash.o
LOAD Drivers/STM32L0xx_HAL_Driver/Src/stm32l0xx_hal_flash_ex.o
LOAD Drivers/STM32L0xx_HAL_Driver/Src/stm32l0xx_hal_flash_ramfunc.o
LOAD Drivers/STM32L0xx_HAL_Driver/Src/stm32l0xx_hal_gpio.o
LOAD Drivers/STM32L0xx_HAL_Driver/Src/stm32l0xx_hal_i2c.o
LOAD Drivers/STM32L0xx_HAL_Driver/Src/stm32l0xx_hal_i2c_ex.o
LOAD Drivers/STM32L0xx_HAL_Driver/Src/stm32l0xx_hal_pwr.o
LOAD Drivers/STM32L0xx_HAL_Driver/Src/stm32l0xx_hal_pwr_ex.o
LOAD Drivers/STM32L0xx_HAL_Driver/Src/stm32l0xx_hal_rcc.o
LOAD Drivers/STM32L0xx_HAL_Driver/Src/stm32l0xx_hal_rcc_ex.o
LOAD Drivers/STM32L0xx_HAL_Driver/Src/stm32l0xx_hal_rtc.o
LOAD Drivers/STM32L0xx_HAL_Driver/Src/stm32l0xx_hal_rtc_ex.o
LOAD Drivers/STM32L0xx_HAL_Driver/Src/stm32l0xx_hal_spi.o
LOAD Drivers/STM32L0xx_HAL_Driver/Src/stm32l0xx_hal_tim.o
LOAD Drivers/STM32L0xx_HAL_Driver/Src/stm32l0xx_hal_tim_ex.o
START GROUP
LOAD d:/st/stm32cubeide_1.4.0/stm32cubeide/plugins/com.st.stm32cube.ide.mcu.externaltools.gnu-tools-for-stm32.7-2018-q2-update.win32_1.5.0.202011040924/tools/bin/../lib/gcc/arm-none-eabi/7.3.1/../../../../arm-none-eabi/lib/thumb/v6-m\libc_nano.a
LOAD d:/st/stm32cubeide_1.4.0/stm32cubeide/plugins/com.st.stm32cube.ide.mcu.externaltools.gnu-tools-for-stm32.7-2018-q2-update.win32_1.5.0.202011040924/tools/bin/../lib/gcc/arm-none-eabi/7.3.1/../../../../arm-none-eabi/lib/thumb/v6-m\libm.a
END GROUP
START GROUP
LOAD d:/st/stm32cubeide_1.4.0/stm32cubeide/plugins/com.st.stm32cube.ide.mcu.externaltools.gnu-tools-for-stm32.7-2018-q2-update.win32_1.5.0.202011040924/tools/bin/../lib/gcc/arm-none-eabi/7.3.1/thumb/v6-m\libgcc.a
LOAD d:/st/stm32cubeide_1.4.0/stm32cubeide/plugins/com.st.stm32cube.ide.mcu.externaltools.gnu-tools-for-stm32.7-2018-q2-update.win32_1.5.0.202011040924/tools/bin/../lib/gcc/arm-none-eabi/7.3.1/../../../../arm-none-eabi/lib/thumb/v6-m\libc_nano.a
END GROUP
START GROUP
LOAD d:/st/stm32cubeide_1.4.0/stm32cubeide/plugins/com.st.stm32cube.ide.mcu.externaltools.gnu-tools-for-stm32.7-2018-q2-update.win32_1.5.0.202011040924/tools/bin/../lib/gcc/arm-none-eabi/7.3.1/thumb/v6-m\libgcc.a
LOAD d:/st/stm32cubeide_1.4.0/stm32cubeide/plugins/com.st.stm32cube.ide.mcu.externaltools.gnu-tools-for-stm32.7-2018-q2-update.win32_1.5.0.202011040924/tools/bin/../lib/gcc/arm-none-eabi/7.3.1/../../../../arm-none-eabi/lib/thumb/v6-m\libc_nano.a
LOAD d:/st/stm32cubeide_1.4.0/stm32cubeide/plugins/com.st.stm32cube.ide.mcu.externaltools.gnu-tools-for-stm32.7-2018-q2-update.win32_1.5.0.202011040924/tools/bin/../lib/gcc/arm-none-eabi/7.3.1/../../../../arm-none-eabi/lib/thumb/v6-m\libnosys.a
END GROUP
START GROUP
LOAD d:/st/stm32cubeide_1.4.0/stm32cubeide/plugins/com.st.stm32cube.ide.mcu.externaltools.gnu-tools-for-stm32.7-2018-q2-update.win32_1.5.0.202011040924/tools/bin/../lib/gcc/arm-none-eabi/7.3.1/thumb/v6-m\libgcc.a
LOAD d:/st/stm32cubeide_1.4.0/stm32cubeide/plugins/com.st.stm32cube.ide.mcu.externaltools.gnu-tools-for-stm32.7-2018-q2-update.win32_1.5.0.202011040924/tools/bin/../lib/gcc/arm-none-eabi/7.3.1/../../../../arm-none-eabi/lib/thumb/v6-m\libc_nano.a
LOAD d:/st/stm32cubeide_1.4.0/stm32cubeide/plugins/com.st.stm32cube.ide.mcu.externaltools.gnu-tools-for-stm32.7-2018-q2-update.win32_1.5.0.202011040924/tools/bin/../lib/gcc/arm-none-eabi/7.3.1/../../../../arm-none-eabi/lib/thumb/v6-m\libnosys.a
END GROUP
LOAD d:/st/stm32cubeide_1.4.0/stm32cubeide/plugins/com.st.stm32cube.ide.mcu.externaltools.gnu-tools-for-stm32.7-2018-q2-update.win32_1.5.0.202011040924/tools/bin/../lib/gcc/arm-none-eabi/7.3.1/thumb/v6-m/crtend.o
LOAD d:/st/stm32cubeide_1.4.0/stm32cubeide/plugins/com.st.stm32cube.ide.mcu.externaltools.gnu-tools-for-stm32.7-2018-q2-update.win32_1.5.0.202011040924/tools/bin/../lib/gcc/arm-none-eabi/7.3.1/thumb/v6-m/crtn.o
                0x0000000020002000                _estack = (ORIGIN (RAM) + LENGTH (RAM))
                0x0000000000000200                _Min_Heap_Size = 0x200
                0x0000000000000400                _Min_Stack_Size = 0x400

.isr_vector     0x0000000008000000       0xc0
                0x0000000008000000                . = ALIGN (0x4)
 *(.isr_vector)
 .isr_vector    0x0000000008000000       0xc0 Core/Startup/startup_stm32l031g6ux.o
                0x0000000008000000                g_pfnVectors
                0x00000000080000c0                . = ALIGN (0x4)

.text           0x00000000080000c0     0x3ba4
                0x00000000080000c0                . = ALIGN (0x4)
 *(.text)
 .text          0x00000000080000c0       0x48 d:/st/stm32cubeide_1.4.0/stm32cubeide/plugins/com.st.stm32cube.ide.mcu.externaltools.gnu-tools-for-stm32.7-2018-q2-update.win32_1.5.0.202011040924/tools/bin/../lib/gcc/arm-none-eabi/7.3.1/thumb/v6-m/crtbegin.o
 .text          0x0000000008000108      0x114 d:/st/stm32cubeide_1.4.0/stm32cubeide/plugins/com.st.stm32cube.ide.mcu.externaltools.gnu-tools-for-stm32.7-2018-q2-update.win32_1.5.0.202011040924/tools/bin/../lib/gcc/arm-none-eabi/7.3.1/thumb/v6-m\libgcc.a(_udivsi3.o)
                0x0000000008000108                __aeabi_uidiv
                0x0000000008000108                __udivsi3
                0x0000000008000214                __aeabi_uidivmod
 .text          0x000000000800021c        0x4 d:/st/stm32cubeide_1.4.0/stm32cubeide/plugins/com.st.stm32cube.ide.mcu.externaltools.gnu-tools-for-stm32.7-2018-q2-update.win32_1.5.0.202011040924/tools/bin/../lib/gcc/arm-none-eabi/7.3.1/thumb/v6-m\libgcc.a(_dvmd_tls.o)
                0x000000000800021c                __aeabi_idiv0
                0x000000000800021c                __aeabi_ldiv0
 .text          0x0000000008000220       0x40 d:/st/stm32cubeide_1.4.0/stm32cubeide/plugins/com.st.stm32cube.ide.mcu.externaltools.gnu-tools-for-stm32.7-2018-q2-update.win32_1.5.0.202011040924/tools/bin/../lib/gcc/arm-none-eabi/7.3.1/thumb/v6-m\libgcc.a(_aeabi_uldivmod.o)
                0x0000000008000220                __aeabi_uldivmod
 .text          0x0000000008000260       0x54 d:/st/stm32cubeide_1.4.0/stm32cubeide/plugins/com.st.stm32cube.ide.mcu.externaltools.gnu-tools-for-stm32.7-2018-q2-update.win32_1.5.0.202011040924/tools/bin/../lib/gcc/arm-none-eabi/7.3.1/thumb/v6-m\libgcc.a(_muldi3.o)
                0x0000000008000260                __muldi3
                0x0000000008000260                __aeabi_lmul
 .text          0x00000000080002b4      0x184 d:/st/stm32cubeide_1.4.0/stm32cubeide/plugins/com.st.stm32cube.ide.mcu.externaltools.gnu-tools-for-stm32.7-2018-q2-update.win32_1.5.0.202011040924/tools/bin/../lib/gcc/arm-none-eabi/7.3.1/thumb/v6-m\libgcc.a(_udivmoddi4.o)
                0x00000000080002b4                __udivmoddi4
 .text          0x0000000008000438       0x18 d:/st/stm32cubeide_1.4.0/stm32cubeide/plugins/com.st.stm32cube.ide.mcu.externaltools.gnu-tools-for-stm32.7-2018-q2-update.win32_1.5.0.202011040924/tools/bin/../lib/gcc/arm-none-eabi/7.3.1/thumb/v6-m\libgcc.a(_clzdi2.o)
                0x0000000008000438                __clzdi2
 .text          0x0000000008000450       0x3c d:/st/stm32cubeide_1.4.0/stm32cubeide/plugins/com.st.stm32cube.ide.mcu.externaltools.gnu-tools-for-stm32.7-2018-q2-update.win32_1.5.0.202011040924/tools/bin/../lib/gcc/arm-none-eabi/7.3.1/thumb/v6-m\libgcc.a(_clzsi2.o)
                0x0000000008000450                __clzsi2
 *(.text*)
 .text.main     0x000000000800048c      0x1b0 Core/Src/main.o
                0x000000000800048c                main
 .text.SystemClock_Config
                0x000000000800063c       0xe4 Core/Src/main.o
                0x000000000800063c                SystemClock_Config
 .text.MX_ADC_Init
                0x0000000008000720       0xcc Core/Src/main.o
 .text.MX_I2C1_Init
                0x00000000080007ec       0x80 Core/Src/main.o
 .text.MX_RTC_Init
                0x000000000800086c       0xdc Core/Src/main.o
 .text.MX_SPI1_Init
                0x0000000008000948       0x70 Core/Src/main.o
 .text.MX_GPIO_Init
                0x00000000080009b8      0x134 Core/Src/main.o
 .text.Error_Handler
                0x0000000008000aec        0xa Core/Src/main.o
                0x0000000008000aec                Error_Handler
 *fill*         0x0000000008000af6        0x2 
 .text.nRF24_Init
                0x0000000008000af8       0x48 Core/Src/nrf24.o
                0x0000000008000af8                nRF24_Init
 .text.nRF24_Command
                0x0000000008000b40       0x50 Core/Src/nrf24.o
                0x0000000008000b40                nRF24_Command
 .text.nRF24_WriteRegister
                0x0000000008000b90       0x74 Core/Src/nrf24.o
                0x0000000008000b90                nRF24_WriteRegister
 .text.nRF24_WriteMBRegister
                0x0000000008000c04       0xa4 Core/Src/nrf24.o
                0x0000000008000c04                nRF24_WriteMBRegister
 .text.nRF24_ReadRegister
                0x0000000008000ca8       0x74 Core/Src/nrf24.o
                0x0000000008000ca8                nRF24_ReadRegister
 .text.nRF24_GetStatus
                0x0000000008000d1c       0x12 Core/Src/nrf24.o
                0x0000000008000d1c                nRF24_GetStatus
 .text.nRF24_SetRFChannel
                0x0000000008000d2e       0x20 Core/Src/nrf24.o
                0x0000000008000d2e                nRF24_SetRFChannel
 .text.nRF24_SetRole
                0x0000000008000d4e       0x52 Core/Src/nrf24.o
                0x0000000008000d4e                nRF24_SetRole
 .text.nRF24_SetPowerMode
                0x0000000008000da0       0x52 Core/Src/nrf24.o
                0x0000000008000da0                nRF24_SetPowerMode
 .text.nRF24_SetDatarate
                0x0000000008000df2       0x52 Core/Src/nrf24.o
                0x0000000008000df2                nRF24_SetDatarate
 .text.nRF24_SetCRC
                0x0000000008000e44       0x52 Core/Src/nrf24.o
                0x0000000008000e44                nRF24_SetCRC
 .text.nRF24_GetAddrWidth
                0x0000000008000e96       0x16 Core/Src/nrf24.o
                0x0000000008000e96                nRF24_GetAddrWidth
 .text.nRF24_SetAddr
                0x0000000008000eac       0x4e Core/Src/nrf24.o
                0x0000000008000eac                nRF24_SetAddr
 .text.nRF24_SetARD
                0x0000000008000efa       0x52 Core/Src/nrf24.o
                0x0000000008000efa                nRF24_SetARD
 .text.nRF24_SetARC
                0x0000000008000f4c       0x52 Core/Src/nrf24.o
                0x0000000008000f4c                nRF24_SetARC
 .text.nRF24_FlushTX
                0x0000000008000f9e       0x10 Core/Src/nrf24.o
                0x0000000008000f9e                nRF24_FlushTX
 .text.nRF24_FlushRX
                0x0000000008000fae       0x10 Core/Src/nrf24.o
                0x0000000008000fae                nRF24_FlushRX
 *fill*         0x0000000008000fbe        0x2 
 .text.nRF24_WriteTXPayload
                0x0000000008000fc0       0x90 Core/Src/nrf24.o
                0x0000000008000fc0                nRF24_WriteTXPayload
 .text.HAL_MspInit
                0x0000000008001050       0x28 Core/Src/stm32l0xx_hal_msp.o
                0x0000000008001050                HAL_MspInit
 .text.HAL_ADC_MspInit
                0x0000000008001078       0x7c Core/Src/stm32l0xx_hal_msp.o
                0x0000000008001078                HAL_ADC_MspInit
 .text.HAL_I2C_MspInit
                0x00000000080010f4       0x88 Core/Src/stm32l0xx_hal_msp.o
                0x00000000080010f4                HAL_I2C_MspInit
 .text.HAL_RTC_MspInit
                0x000000000800117c       0x30 Core/Src/stm32l0xx_hal_msp.o
                0x000000000800117c                HAL_RTC_MspInit
 .text.HAL_SPI_MspInit
                0x00000000080011ac       0x88 Core/Src/stm32l0xx_hal_msp.o
                0x00000000080011ac                HAL_SPI_MspInit
 .text.NMI_Handler
                0x0000000008001234        0xa Core/Src/stm32l0xx_it.o
                0x0000000008001234                NMI_Handler
 .text.HardFault_Handler
                0x000000000800123e        0x6 Core/Src/stm32l0xx_it.o
                0x000000000800123e                HardFault_Handler
 .text.SVC_Handler
                0x0000000008001244        0xa Core/Src/stm32l0xx_it.o
                0x0000000008001244                SVC_Handler
 .text.PendSV_Handler
                0x000000000800124e        0xa Core/Src/stm32l0xx_it.o
                0x000000000800124e                PendSV_Handler
 .text.SysTick_Handler
                0x0000000008001258        0xe Core/Src/stm32l0xx_it.o
                0x0000000008001258                SysTick_Handler
 *fill*         0x0000000008001266        0x2 
 .text.SystemInit
                0x0000000008001268       0x7c Core/Src/system_stm32l0xx.o
                0x0000000008001268                SystemInit
 .text.Reset_Handler
                0x00000000080012e4       0x50 Core/Startup/startup_stm32l031g6ux.o
                0x00000000080012e4                Reset_Handler
 .text.Default_Handler
                0x0000000008001334        0x2 Core/Startup/startup_stm32l031g6ux.o
                0x0000000008001334                ADC1_COMP_IRQHandler
                0x0000000008001334                PVD_IRQHandler
                0x0000000008001334                I2C1_IRQHandler
                0x0000000008001334                SPI1_IRQHandler
                0x0000000008001334                EXTI2_3_IRQHandler
                0x0000000008001334                RTC_IRQHandler
                0x0000000008001334                DMA1_Channel4_5_6_7_IRQHandler
                0x0000000008001334                EXTI4_15_IRQHandler
                0x0000000008001334                RCC_IRQHandler
                0x0000000008001334                DMA1_Channel1_IRQHandler
                0x0000000008001334                Default_Handler
                0x0000000008001334                TIM22_IRQHandler
                0x0000000008001334                EXTI0_1_IRQHandler
                0x0000000008001334                TIM21_IRQHandler
                0x0000000008001334                WWDG_IRQHandler
                0x0000000008001334                LPUART1_IRQHandler
                0x0000000008001334                TIM2_IRQHandler
                0x0000000008001334                DMA1_Channel2_3_IRQHandler
                0x0000000008001334                USART2_IRQHandler
                0x0000000008001334                FLASH_IRQHandler
                0x0000000008001334                LPTIM1_IRQHandler
 *fill*         0x0000000008001336        0x2 
 .text.HAL_Init
                0x0000000008001338       0x40 Drivers/STM32L0xx_HAL_Driver/Src/stm32l0xx_hal.o
                0x0000000008001338                HAL_Init
 .text.HAL_InitTick
                0x0000000008001378       0x68 Drivers/STM32L0xx_HAL_Driver/Src/stm32l0xx_hal.o
                0x0000000008001378                HAL_InitTick
 .text.HAL_IncTick
                0x00000000080013e0       0x24 Drivers/STM32L0xx_HAL_Driver/Src/stm32l0xx_hal.o
                0x00000000080013e0                HAL_IncTick
 .text.HAL_GetTick
                0x0000000008001404       0x14 Drivers/STM32L0xx_HAL_Driver/Src/stm32l0xx_hal.o
                0x0000000008001404                HAL_GetTick
 .text.HAL_Delay
                0x0000000008001418       0x44 Drivers/STM32L0xx_HAL_Driver/Src/stm32l0xx_hal.o
                0x0000000008001418                HAL_Delay
 .text.HAL_ADC_Init
                0x000000000800145c      0x2e8 Drivers/STM32L0xx_HAL_Driver/Src/stm32l0xx_hal_adc.o
                0x000000000800145c                HAL_ADC_Init
 .text.HAL_ADC_ConfigChannel
                0x0000000008001744      0x10c Drivers/STM32L0xx_HAL_Driver/Src/stm32l0xx_hal_adc.o
                0x0000000008001744                HAL_ADC_ConfigChannel
 .text.ADC_DelayMicroSecond
                0x0000000008001850       0x3c Drivers/STM32L0xx_HAL_Driver/Src/stm32l0xx_hal_adc.o
 .text.__NVIC_SetPriority
                0x000000000800188c       0xdc Drivers/STM32L0xx_HAL_Driver/Src/stm32l0xx_hal_cortex.o
 .text.SysTick_Config
                0x0000000008001968       0x48 Drivers/STM32L0xx_HAL_Driver/Src/stm32l0xx_hal_cortex.o
 .text.HAL_NVIC_SetPriority
                0x00000000080019b0       0x2a Drivers/STM32L0xx_HAL_Driver/Src/stm32l0xx_hal_cortex.o
                0x00000000080019b0                HAL_NVIC_SetPriority
 .text.HAL_SYSTICK_Config
                0x00000000080019da       0x1a Drivers/STM32L0xx_HAL_Driver/Src/stm32l0xx_hal_cortex.o
                0x00000000080019da                HAL_SYSTICK_Config
 .text.HAL_GPIO_Init
                0x00000000080019f4      0x2dc Drivers/STM32L0xx_HAL_Driver/Src/stm32l0xx_hal_gpio.o
                0x00000000080019f4                HAL_GPIO_Init
 .text.HAL_GPIO_WritePin
                0x0000000008001cd0       0x3a Drivers/STM32L0xx_HAL_Driver/Src/stm32l0xx_hal_gpio.o
                0x0000000008001cd0                HAL_GPIO_WritePin
 .text.HAL_GPIO_TogglePin
                0x0000000008001d0a       0x36 Drivers/STM32L0xx_HAL_Driver/Src/stm32l0xx_hal_gpio.o
                0x0000000008001d0a                HAL_GPIO_TogglePin
 .text.HAL_I2C_Init
                0x0000000008001d40      0x12c Drivers/STM32L0xx_HAL_Driver/Src/stm32l0xx_hal_i2c.o
                0x0000000008001d40                HAL_I2C_Init
 .text.HAL_I2CEx_ConfigAnalogFilter
                0x0000000008001e6c       0x98 Drivers/STM32L0xx_HAL_Driver/Src/stm32l0xx_hal_i2c_ex.o
                0x0000000008001e6c                HAL_I2CEx_ConfigAnalogFilter
 .text.HAL_I2CEx_ConfigDigitalFilter
                0x0000000008001f04       0x98 Drivers/STM32L0xx_HAL_Driver/Src/stm32l0xx_hal_i2c_ex.o
                0x0000000008001f04                HAL_I2CEx_ConfigDigitalFilter
 .text.HAL_RCC_OscConfig
                0x0000000008001f9c      0x700 Drivers/STM32L0xx_HAL_Driver/Src/stm32l0xx_hal_rcc.o
                0x0000000008001f9c                HAL_RCC_OscConfig
 .text.HAL_RCC_ClockConfig
                0x000000000800269c      0x290 Drivers/STM32L0xx_HAL_Driver/Src/stm32l0xx_hal_rcc.o
                0x000000000800269c                HAL_RCC_ClockConfig
 .text.HAL_RCC_GetSysClockFreq
                0x000000000800292c      0x144 Drivers/STM32L0xx_HAL_Driver/Src/stm32l0xx_hal_rcc.o
                0x000000000800292c                HAL_RCC_GetSysClockFreq
 .text.HAL_RCCEx_PeriphCLKConfig
                0x0000000008002a70      0x250 Drivers/STM32L0xx_HAL_Driver/Src/stm32l0xx_hal_rcc_ex.o
                0x0000000008002a70                HAL_RCCEx_PeriphCLKConfig
 .text.HAL_RTC_Init
                0x0000000008002cc0      0x13c Drivers/STM32L0xx_HAL_Driver/Src/stm32l0xx_hal_rtc.o
                0x0000000008002cc0                HAL_RTC_Init
 .text.HAL_RTC_SetTime
                0x0000000008002dfc      0x188 Drivers/STM32L0xx_HAL_Driver/Src/stm32l0xx_hal_rtc.o
                0x0000000008002dfc                HAL_RTC_SetTime
 .text.HAL_RTC_SetDate
                0x0000000008002f84      0x15c Drivers/STM32L0xx_HAL_Driver/Src/stm32l0xx_hal_rtc.o
                0x0000000008002f84                HAL_RTC_SetDate
 .text.HAL_RTC_WaitForSynchro
                0x00000000080030e0       0x4e Drivers/STM32L0xx_HAL_Driver/Src/stm32l0xx_hal_rtc.o
                0x00000000080030e0                HAL_RTC_WaitForSynchro
 .text.RTC_EnterInitMode
                0x000000000800312e       0x54 Drivers/STM32L0xx_HAL_Driver/Src/stm32l0xx_hal_rtc.o
                0x000000000800312e                RTC_EnterInitMode
 .text.RTC_ByteToBcd2
                0x0000000008003182       0x52 Drivers/STM32L0xx_HAL_Driver/Src/stm32l0xx_hal_rtc.o
                0x0000000008003182                RTC_ByteToBcd2
 .text.HAL_RTCEx_SetWakeUpTimer
                0x00000000080031d4      0x140 Drivers/STM32L0xx_HAL_Driver/Src/stm32l0xx_hal_rtc_ex.o
                0x00000000080031d4                HAL_RTCEx_SetWakeUpTimer
 .text.HAL_SPI_Init
                0x0000000008003314      0x112 Drivers/STM32L0xx_HAL_Driver/Src/stm32l0xx_hal_spi.o
                0x0000000008003314                HAL_SPI_Init
 .text.HAL_SPI_Transmit
                0x0000000008003426      0x2ac Drivers/STM32L0xx_HAL_Driver/Src/stm32l0xx_hal_spi.o
                0x0000000008003426                HAL_SPI_Transmit
 .text.HAL_SPI_TransmitReceive
                0x00000000080036d2      0x378 Drivers/STM32L0xx_HAL_Driver/Src/stm32l0xx_hal_spi.o
                0x00000000080036d2                HAL_SPI_TransmitReceive
 *fill*         0x0000000008003a4a        0x2 
 .text.SPI_WaitFlagStateUntilTimeout
                0x0000000008003a4c      0x11c Drivers/STM32L0xx_HAL_Driver/Src/stm32l0xx_hal_spi.o
 .text.SPI_EndRxTxTransaction
                0x0000000008003b68       0x8c Drivers/STM32L0xx_HAL_Driver/Src/stm32l0xx_hal_spi.o
 .text.__libc_init_array
                0x0000000008003bf4       0x48 d:/st/stm32cubeide_1.4.0/stm32cubeide/plugins/com.st.stm32cube.ide.mcu.externaltools.gnu-tools-for-stm32.7-2018-q2-update.win32_1.5.0.202011040924/tools/bin/../lib/gcc/arm-none-eabi/7.3.1/../../../../arm-none-eabi/lib/thumb/v6-m\libc_nano.a(lib_a-init.o)
                0x0000000008003bf4                __libc_init_array
 .text.memset   0x0000000008003c3c       0x10 d:/st/stm32cubeide_1.4.0/stm32cubeide/plugins/com.st.stm32cube.ide.mcu.externaltools.gnu-tools-for-stm32.7-2018-q2-update.win32_1.5.0.202011040924/tools/bin/../lib/gcc/arm-none-eabi/7.3.1/../../../../arm-none-eabi/lib/thumb/v6-m\libc_nano.a(lib_a-memset.o)
                0x0000000008003c3c                memset
 *(.glue_7)
 .glue_7        0x0000000008003c4c        0x0 linker stubs
 *(.glue_7t)
 .glue_7t       0x0000000008003c4c        0x0 linker stubs
 *(.eh_frame)
 .eh_frame      0x0000000008003c4c        0x0 d:/st/stm32cubeide_1.4.0/stm32cubeide/plugins/com.st.stm32cube.ide.mcu.externaltools.gnu-tools-for-stm32.7-2018-q2-update.win32_1.5.0.202011040924/tools/bin/../lib/gcc/arm-none-eabi/7.3.1/thumb/v6-m/crtbegin.o
 *(.init)
 .init          0x0000000008003c4c        0x4 d:/st/stm32cubeide_1.4.0/stm32cubeide/plugins/com.st.stm32cube.ide.mcu.externaltools.gnu-tools-for-stm32.7-2018-q2-update.win32_1.5.0.202011040924/tools/bin/../lib/gcc/arm-none-eabi/7.3.1/thumb/v6-m/crti.o
                0x0000000008003c4c                _init
 .init          0x0000000008003c50        0x8 d:/st/stm32cubeide_1.4.0/stm32cubeide/plugins/com.st.stm32cube.ide.mcu.externaltools.gnu-tools-for-stm32.7-2018-q2-update.win32_1.5.0.202011040924/tools/bin/../lib/gcc/arm-none-eabi/7.3.1/thumb/v6-m/crtn.o
 *(.fini)
 .fini          0x0000000008003c58        0x4 d:/st/stm32cubeide_1.4.0/stm32cubeide/plugins/com.st.stm32cube.ide.mcu.externaltools.gnu-tools-for-stm32.7-2018-q2-update.win32_1.5.0.202011040924/tools/bin/../lib/gcc/arm-none-eabi/7.3.1/thumb/v6-m/crti.o
                0x0000000008003c58                _fini
 .fini          0x0000000008003c5c        0x8 d:/st/stm32cubeide_1.4.0/stm32cubeide/plugins/com.st.stm32cube.ide.mcu.externaltools.gnu-tools-for-stm32.7-2018-q2-update.win32_1.5.0.202011040924/tools/bin/../lib/gcc/arm-none-eabi/7.3.1/thumb/v6-m/crtn.o
                0x0000000008003c64                . = ALIGN (0x4)
                0x0000000008003c64                _etext = .

.vfp11_veneer   0x0000000008003c64        0x0
 .vfp11_veneer  0x0000000008003c64        0x0 linker stubs

.v4_bx          0x0000000008003c64        0x0
 .v4_bx         0x0000000008003c64        0x0 linker stubs

.iplt           0x0000000008003c64        0x0
 .iplt          0x0000000008003c64        0x0 d:/st/stm32cubeide_1.4.0/stm32cubeide/plugins/com.st.stm32cube.ide.mcu.externaltools.gnu-tools-for-stm32.7-2018-q2-update.win32_1.5.0.202011040924/tools/bin/../lib/gcc/arm-none-eabi/7.3.1/thumb/v6-m/crtbegin.o

.rodata         0x0000000008003c64       0x34
                0x0000000008003c64                . = ALIGN (0x4)
 *(.rodata)
 .rodata        0x0000000008003c64       0x16 Core/Src/main.o
 *(.rodata*)
 *fill*         0x0000000008003c7a        0x2 
 .rodata.AHBPrescTable
                0x0000000008003c7c       0x10 Core/Src/system_stm32l0xx.o
                0x0000000008003c7c                AHBPrescTable
 .rodata.PLLMulTable
                0x0000000008003c8c        0x9 Core/Src/system_stm32l0xx.o
                0x0000000008003c8c                PLLMulTable
                0x0000000008003c98                . = ALIGN (0x4)
 *fill*         0x0000000008003c95        0x3 

.ARM.extab      0x0000000008003c98        0x0
                0x0000000008003c98                . = ALIGN (0x4)
 *(.ARM.extab* .gnu.linkonce.armextab.*)
                0x0000000008003c98                . = ALIGN (0x4)

.ARM            0x0000000008003c98        0x8
                0x0000000008003c98                . = ALIGN (0x4)
                0x0000000008003c98                __exidx_start = .
 *(.ARM.exidx*)
 .ARM.exidx     0x0000000008003c98        0x8 d:/st/stm32cubeide_1.4.0/stm32cubeide/plugins/com.st.stm32cube.ide.mcu.externaltools.gnu-tools-for-stm32.7-2018-q2-update.win32_1.5.0.202011040924/tools/bin/../lib/gcc/arm-none-eabi/7.3.1/thumb/v6-m\libgcc.a(_udivmoddi4.o)
                0x0000000008003ca0                __exidx_end = .
                0x0000000008003ca0                . = ALIGN (0x4)

.rel.dyn        0x0000000008003ca0        0x0
 .rel.iplt      0x0000000008003ca0        0x0 d:/st/stm32cubeide_1.4.0/stm32cubeide/plugins/com.st.stm32cube.ide.mcu.externaltools.gnu-tools-for-stm32.7-2018-q2-update.win32_1.5.0.202011040924/tools/bin/../lib/gcc/arm-none-eabi/7.3.1/thumb/v6-m/crtbegin.o

.preinit_array  0x0000000008003ca0        0x0
                0x0000000008003ca0                . = ALIGN (0x4)
                0x0000000008003ca0                PROVIDE (__preinit_array_start = .)
 *(.preinit_array*)
                0x0000000008003ca0                PROVIDE (__preinit_array_end = .)
                0x0000000008003ca0                . = ALIGN (0x4)

.init_array     0x0000000008003ca0        0x4
                0x0000000008003ca0                . = ALIGN (0x4)
                0x0000000008003ca0                PROVIDE (__init_array_start = .)
 *(SORT_BY_NAME(.init_array.*))
 *(.init_array*)
 .init_array    0x0000000008003ca0        0x4 d:/st/stm32cubeide_1.4.0/stm32cubeide/plugins/com.st.stm32cube.ide.mcu.externaltools.gnu-tools-for-stm32.7-2018-q2-update.win32_1.5.0.202011040924/tools/bin/../lib/gcc/arm-none-eabi/7.3.1/thumb/v6-m/crtbegin.o
                0x0000000008003ca4                PROVIDE (__init_array_end = .)
                0x0000000008003ca4                . = ALIGN (0x4)

.fini_array     0x0000000008003ca4        0x4
                0x0000000008003ca4                . = ALIGN (0x4)
                [!provide]                        PROVIDE (__fini_array_start = .)
 *(SORT_BY_NAME(.fini_array.*))
 *(.fini_array*)
 .fini_array    0x0000000008003ca4        0x4 d:/st/stm32cubeide_1.4.0/stm32cubeide/plugins/com.st.stm32cube.ide.mcu.externaltools.gnu-tools-for-stm32.7-2018-q2-update.win32_1.5.0.202011040924/tools/bin/../lib/gcc/arm-none-eabi/7.3.1/thumb/v6-m/crtbegin.o
                [!provide]                        PROVIDE (__fini_array_end = .)
                0x0000000008003ca8                . = ALIGN (0x4)
                0x0000000008003ca8                _sidata = LOADADDR (.data)

.data           0x0000000020000000        0xc load address 0x0000000008003ca8
                0x0000000020000000                . = ALIGN (0x4)
                0x0000000020000000                _sdata = .
 *(.data)
 *(.data*)
 .data.SystemCoreClock
                0x0000000020000000        0x4 Core/Src/system_stm32l0xx.o
                0x0000000020000000                SystemCoreClock
 .data.uwTickPrio
                0x0000000020000004        0x4 Drivers/STM32L0xx_HAL_Driver/Src/stm32l0xx_hal.o
                0x0000000020000004                uwTickPrio
 .data.uwTickFreq
                0x0000000020000008        0x1 Drivers/STM32L0xx_HAL_Driver/Src/stm32l0xx_hal.o
                0x0000000020000008                uwTickFreq
                0x000000002000000c                . = ALIGN (0x4)
 *fill*         0x0000000020000009        0x3 
                0x000000002000000c                _edata = .

.igot.plt       0x000000002000000c        0x0 load address 0x0000000008003cb4
 .igot.plt      0x000000002000000c        0x0 d:/st/stm32cubeide_1.4.0/stm32cubeide/plugins/com.st.stm32cube.ide.mcu.externaltools.gnu-tools-for-stm32.7-2018-q2-update.win32_1.5.0.202011040924/tools/bin/../lib/gcc/arm-none-eabi/7.3.1/thumb/v6-m/crtbegin.o
                0x000000002000000c                . = ALIGN (0x4)

.bss            0x000000002000000c      0x148 load address 0x0000000008003cb4
                0x000000002000000c                _sbss = .
                0x000000002000000c                __bss_start__ = _sbss
 *(.bss)
 .bss           0x000000002000000c       0x1c d:/st/stm32cubeide_1.4.0/stm32cubeide/plugins/com.st.stm32cube.ide.mcu.externaltools.gnu-tools-for-stm32.7-2018-q2-update.win32_1.5.0.202011040924/tools/bin/../lib/gcc/arm-none-eabi/7.3.1/thumb/v6-m/crtbegin.o
 *(.bss*)
 .bss.nrf24_hspi
                0x0000000020000028        0x4 Core/Src/nrf24.o
 *(COMMON)
 COMMON         0x000000002000002c      0x124 Core/Src/main.o
                0x000000002000002c                hi2c1
                0x0000000020000078                hrtc
                0x000000002000009c                hspi1
                0x00000000200000f4                hadc
 COMMON         0x0000000020000150        0x4 Drivers/STM32L0xx_HAL_Driver/Src/stm32l0xx_hal.o
                0x0000000020000150                uwTick
                0x0000000020000154                . = ALIGN (0x4)
                0x0000000020000154                _ebss = .
                0x0000000020000154                __bss_end__ = _ebss

._user_heap_stack
                0x0000000020000154      0x604 load address 0x0000000008003cb4
                0x0000000020000158                . = ALIGN (0x8)
 *fill*         0x0000000020000154        0x4 
                [!provide]                        PROVIDE (end = .)
                0x0000000020000158                PROVIDE (_end = .)
                0x0000000020000358                . = (. + _Min_Heap_Size)
 *fill*         0x0000000020000158      0x200 
                0x0000000020000758                . = (. + _Min_Stack_Size)
 *fill*         0x0000000020000358      0x400 
                0x0000000020000758                . = ALIGN (0x8)

/DISCARD/
 libc.a(*)
 libm.a(*)
 libgcc.a(*)

.ARM.attributes
                0x0000000000000000       0x28
 *(.ARM.attributes)
 .ARM.attributes
                0x0000000000000000       0x1e d:/st/stm32cubeide_1.4.0/stm32cubeide/plugins/com.st.stm32cube.ide.mcu.externaltools.gnu-tools-for-stm32.7-2018-q2-update.win32_1.5.0.202011040924/tools/bin/../lib/gcc/arm-none-eabi/7.3.1/thumb/v6-m/crti.o
 .ARM.attributes
                0x000000000000001e       0x2c d:/st/stm32cubeide_1.4.0/stm32cubeide/plugins/com.st.stm32cube.ide.mcu.externaltools.gnu-tools-for-stm32.7-2018-q2-update.win32_1.5.0.202011040924/tools/bin/../lib/gcc/arm-none-eabi/7.3.1/thumb/v6-m/crtbegin.o
 .ARM.attributes
                0x000000000000004a       0x32 Core/Src/main.o
 .ARM.attributes
                0x000000000000007c       0x32 Core/Src/nrf24.o
 .ARM.attributes
                0x00000000000000ae       0x32 Core/Src/stm32l0xx_hal_msp.o
 .ARM.attributes
                0x00000000000000e0       0x32 Core/Src/stm32l0xx_it.o
 .ARM.attributes
                0x0000000000000112       0x32 Core/Src/system_stm32l0xx.o
 .ARM.attributes
                0x0000000000000144       0x22 Core/Startup/startup_stm32l031g6ux.o
 .ARM.attributes
                0x0000000000000166       0x32 Drivers/STM32L0xx_HAL_Driver/Src/stm32l0xx_hal.o
 .ARM.attributes
                0x0000000000000198       0x32 Drivers/STM32L0xx_HAL_Driver/Src/stm32l0xx_hal_adc.o
 .ARM.attributes
                0x00000000000001ca       0x32 Drivers/STM32L0xx_HAL_Driver/Src/stm32l0xx_hal_cortex.o
 .ARM.attributes
                0x00000000000001fc       0x32 Drivers/STM32L0xx_HAL_Driver/Src/stm32l0xx_hal_gpio.o
 .ARM.attributes
                0x000000000000022e       0x32 Drivers/STM32L0xx_HAL_Driver/Src/stm32l0xx_hal_i2c.o
 .ARM.attributes
                0x0000000000000260       0x32 Drivers/STM32L0xx_HAL_Driver/Src/stm32l0xx_hal_i2c_ex.o
 .ARM.attributes
                0x0000000000000292       0x32 Drivers/STM32L0xx_HAL_Driver/Src/stm32l0xx_hal_rcc.o
 .ARM.attributes
                0x00000000000002c4       0x32 Drivers/STM32L0xx_HAL_Driver/Src/stm32l0xx_hal_rcc_ex.o
 .ARM.attributes
                0x00000000000002f6       0x32 Drivers/STM32L0xx_HAL_Driver/Src/stm32l0xx_hal_rtc.o
 .ARM.attributes
                0x0000000000000328       0x32 Drivers/STM32L0xx_HAL_Driver/Src/stm32l0xx_hal_rtc_ex.o
 .ARM.attributes
                0x000000000000035a       0x32 Drivers/STM32L0xx_HAL_Driver/Src/stm32l0xx_hal_spi.o
 .ARM.attributes
                0x000000000000038c       0x2c d:/st/stm32cubeide_1.4.0/stm32cubeide/plugins/com.st.stm32cube.ide.mcu.externaltools.gnu-tools-for-stm32.7-2018-q2-update.win32_1.5.0.202011040924/tools/bin/../lib/gcc/arm-none-eabi/7.3.1/../../../../arm-none-eabi/lib/thumb/v6-m\libc_nano.a(lib_a-init.o)
 .ARM.attributes
                0x00000000000003b8       0x2c d:/st/stm32cubeide_1.4.0/stm32cubeide/plugins/com.st.stm32cube.ide.mcu.externaltools.gnu-tools-for-stm32.7-2018-q2-update.win32_1.5.0.202011040924/tools/bin/../lib/gcc/arm-none-eabi/7.3.1/../../../../arm-none-eabi/lib/thumb/v6-m\libc_nano.a(lib_a-memset.o)
 .ARM.attributes
                0x00000000000003e4       0x1e d:/st/stm32cubeide_1.4.0/stm32cubeide/plugins/com.st.stm32cube.ide.mcu.externaltools.gnu-tools-for-stm32.7-2018-q2-update.win32_1.5.0.202011040924/tools/bin/../lib/gcc/arm-none-eabi/7.3.1/thumb/v6-m\libgcc.a(_udivsi3.o)
 .ARM.attributes
                0x0000000000000402       0x1e d:/st/stm32cubeide_1.4.0/stm32cubeide/plugins/com.st.stm32cube.ide.mcu.externaltools.gnu-tools-for-stm32.7-2018-q2-update.win32_1.5.0.202011040924/tools/bin/../lib/gcc/arm-none-eabi/7.3.1/thumb/v6-m\libgcc.a(_dvmd_tls.o)
 .ARM.attributes
                0x0000000000000420       0x1e d:/st/stm32cubeide_1.4.0/stm32cubeide/plugins/com.st.stm32cube.ide.mcu.externaltools.gnu-tools-for-stm32.7-2018-q2-update.win32_1.5.0.202011040924/tools/bin/../lib/gcc/arm-none-eabi/7.3.1/thumb/v6-m\libgcc.a(_aeabi_uldivmod.o)
 .ARM.attributes
                0x000000000000043e       0x2c d:/st/stm32cubeide_1.4.0/stm32cubeide/plugins/com.st.stm32cube.ide.mcu.externaltools.gnu-tools-for-stm32.7-2018-q2-update.win32_1.5.0.202011040924/tools/bin/../lib/gcc/arm-none-eabi/7.3.1/thumb/v6-m\libgcc.a(_muldi3.o)
 .ARM.attributes
                0x000000000000046a       0x2c d:/st/stm32cubeide_1.4.0/stm32cubeide/plugins/com.st.stm32cube.ide.mcu.externaltools.gnu-tools-for-stm32.7-2018-q2-update.win32_1.5.0.202011040924/tools/bin/../lib/gcc/arm-none-eabi/7.3.1/thumb/v6-m\libgcc.a(_udivmoddi4.o)
 .ARM.attributes
                0x0000000000000496       0x1e d:/st/stm32cubeide_1.4.0/stm32cubeide/plugins/com.st.stm32cube.ide.mcu.externaltools.gnu-tools-for-stm32.7-2018-q2-update.win32_1.5.0.202011040924/tools/bin/../lib/gcc/arm-none-eabi/7.3.1/thumb/v6-m\libgcc.a(_clzdi2.o)
 .ARM.attributes
                0x00000000000004b4       0x1e d:/st/stm32cubeide_1.4.0/stm32cubeide/plugins/com.st.stm32cube.ide.mcu.externaltools.gnu-tools-for-stm32.7-2018-q2-update.win32_1.5.0.202011040924/tools/bin/../lib/gcc/arm-none-eabi/7.3.1/thumb/v6-m\libgcc.a(_clzsi2.o)
 .ARM.attributes
                0x00000000000004d2       0x1e d:/st/stm32cubeide_1.4.0/stm32cubeide/plugins/com.st.stm32cube.ide.mcu.externaltools.gnu-tools-for-stm32.7-2018-q2-update.win32_1.5.0.202011040924/tools/bin/../lib/gcc/arm-none-eabi/7.3.1/thumb/v6-m/crtn.o
OUTPUT(NRF24.elf elf32-littlearm)

.debug_info     0x0000000000000000     0xc2d3
 .debug_info    0x0000000000000000     0x1627 Core/Src/main.o
 .debug_info    0x0000000000001627      0xb21 Core/Src/nrf24.o
 .debug_info    0x0000000000002148     0x116d Core/Src/stm32l0xx_hal_msp.o
 .debug_info    0x00000000000032b5      0x1c2 Core/Src/stm32l0xx_it.o
 .debug_info    0x0000000000003477      0x3d9 Core/Src/system_stm32l0xx.o
 .debug_info    0x0000000000003850       0x22 Core/Startup/startup_stm32l031g6ux.o
 .debug_info    0x0000000000003872      0x83f Drivers/STM32L0xx_HAL_Driver/Src/stm32l0xx_hal.o
 .debug_info    0x00000000000040b1      0xd35 Drivers/STM32L0xx_HAL_Driver/Src/stm32l0xx_hal_adc.o
 .debug_info    0x0000000000004de6      0x762 Drivers/STM32L0xx_HAL_Driver/Src/stm32l0xx_hal_cortex.o
 .debug_info    0x0000000000005548      0x71a Drivers/STM32L0xx_HAL_Driver/Src/stm32l0xx_hal_gpio.o
 .debug_info    0x0000000000005c62     0x1fe5 Drivers/STM32L0xx_HAL_Driver/Src/stm32l0xx_hal_i2c.o
 .debug_info    0x0000000000007c47      0x931 Drivers/STM32L0xx_HAL_Driver/Src/stm32l0xx_hal_i2c_ex.o
 .debug_info    0x0000000000008578      0x925 Drivers/STM32L0xx_HAL_Driver/Src/stm32l0xx_hal_rcc.o
 .debug_info    0x0000000000008e9d      0x518 Drivers/STM32L0xx_HAL_Driver/Src/stm32l0xx_hal_rcc_ex.o
 .debug_info    0x00000000000093b5      0xaec Drivers/STM32L0xx_HAL_Driver/Src/stm32l0xx_hal_rtc.o
 .debug_info    0x0000000000009ea1      0xe2a Drivers/STM32L0xx_HAL_Driver/Src/stm32l0xx_hal_rtc_ex.o
 .debug_info    0x000000000000accb     0x1608 Drivers/STM32L0xx_HAL_Driver/Src/stm32l0xx_hal_spi.o

.debug_abbrev   0x0000000000000000     0x1e3d
 .debug_abbrev  0x0000000000000000      0x266 Core/Src/main.o
 .debug_abbrev  0x0000000000000266      0x1e4 Core/Src/nrf24.o
 .debug_abbrev  0x000000000000044a      0x1ed Core/Src/stm32l0xx_hal_msp.o
 .debug_abbrev  0x0000000000000637       0xc6 Core/Src/stm32l0xx_it.o
 .debug_abbrev  0x00000000000006fd      0x12b Core/Src/system_stm32l0xx.o
 .debug_abbrev  0x0000000000000828       0x12 Core/Startup/startup_stm32l031g6ux.o
 .debug_abbrev  0x000000000000083a      0x235 Drivers/STM32L0xx_HAL_Driver/Src/stm32l0xx_hal.o
 .debug_abbrev  0x0000000000000a6f      0x1fa Drivers/STM32L0xx_HAL_Driver/Src/stm32l0xx_hal_adc.o
 .debug_abbrev  0x0000000000000c69      0x257 Drivers/STM32L0xx_HAL_Driver/Src/stm32l0xx_hal_cortex.o
 .debug_abbrev  0x0000000000000ec0      0x1c0 Drivers/STM32L0xx_HAL_Driver/Src/stm32l0xx_hal_gpio.o
 .debug_abbrev  0x0000000000001080      0x239 Drivers/STM32L0xx_HAL_Driver/Src/stm32l0xx_hal_i2c.o
 .debug_abbrev  0x00000000000012b9      0x1b0 Drivers/STM32L0xx_HAL_Driver/Src/stm32l0xx_hal_i2c_ex.o
 .debug_abbrev  0x0000000000001469      0x21a Drivers/STM32L0xx_HAL_Driver/Src/stm32l0xx_hal_rcc.o
 .debug_abbrev  0x0000000000001683      0x1c7 Drivers/STM32L0xx_HAL_Driver/Src/stm32l0xx_hal_rcc_ex.o
 .debug_abbrev  0x000000000000184a      0x1c4 Drivers/STM32L0xx_HAL_Driver/Src/stm32l0xx_hal_rtc.o
 .debug_abbrev  0x0000000000001a0e      0x1ef Drivers/STM32L0xx_HAL_Driver/Src/stm32l0xx_hal_rtc_ex.o
 .debug_abbrev  0x0000000000001bfd      0x240 Drivers/STM32L0xx_HAL_Driver/Src/stm32l0xx_hal_spi.o

.debug_aranges  0x0000000000000000      0xca0
 .debug_aranges
                0x0000000000000000       0x58 Core/Src/main.o
 .debug_aranges
                0x0000000000000058       0xc8 Core/Src/nrf24.o
 .debug_aranges
                0x0000000000000120       0x60 Core/Src/stm32l0xx_hal_msp.o
 .debug_aranges
                0x0000000000000180       0x40 Core/Src/stm32l0xx_it.o
 .debug_aranges
                0x00000000000001c0       0x28 Core/Src/system_stm32l0xx.o
 .debug_aranges
                0x00000000000001e8       0x28 Core/Startup/startup_stm32l031g6ux.o
 .debug_aranges
                0x0000000000000210      0x110 Drivers/STM32L0xx_HAL_Driver/Src/stm32l0xx_hal.o
 .debug_aranges
                0x0000000000000320      0x100 Drivers/STM32L0xx_HAL_Driver/Src/stm32l0xx_hal_adc.o
 .debug_aranges
                0x0000000000000420       0xc0 Drivers/STM32L0xx_HAL_Driver/Src/stm32l0xx_hal_cortex.o
 .debug_aranges
                0x00000000000004e0       0x58 Drivers/STM32L0xx_HAL_Driver/Src/stm32l0xx_hal_gpio.o
 .debug_aranges
                0x0000000000000538      0x290 Drivers/STM32L0xx_HAL_Driver/Src/stm32l0xx_hal_i2c.o
 .debug_aranges
                0x00000000000007c8       0x48 Drivers/STM32L0xx_HAL_Driver/Src/stm32l0xx_hal_i2c_ex.o
 .debug_aranges
                0x0000000000000810       0x80 Drivers/STM32L0xx_HAL_Driver/Src/stm32l0xx_hal_rcc.o
 .debug_aranges
                0x0000000000000890       0x58 Drivers/STM32L0xx_HAL_Driver/Src/stm32l0xx_hal_rcc_ex.o
 .debug_aranges
                0x00000000000008e8       0xb8 Drivers/STM32L0xx_HAL_Driver/Src/stm32l0xx_hal_rtc.o
 .debug_aranges
                0x00000000000009a0      0x130 Drivers/STM32L0xx_HAL_Driver/Src/stm32l0xx_hal_rtc_ex.o
 .debug_aranges
                0x0000000000000ad0      0x1d0 Drivers/STM32L0xx_HAL_Driver/Src/stm32l0xx_hal_spi.o

.debug_ranges   0x0000000000000000      0xb98
 .debug_ranges  0x0000000000000000       0x48 Core/Src/main.o
 .debug_ranges  0x0000000000000048       0xb8 Core/Src/nrf24.o
 .debug_ranges  0x0000000000000100       0x50 Core/Src/stm32l0xx_hal_msp.o
 .debug_ranges  0x0000000000000150       0x30 Core/Src/stm32l0xx_it.o
 .debug_ranges  0x0000000000000180       0x18 Core/Src/system_stm32l0xx.o
 .debug_ranges  0x0000000000000198       0x20 Core/Startup/startup_stm32l031g6ux.o
 .debug_ranges  0x00000000000001b8      0x100 Drivers/STM32L0xx_HAL_Driver/Src/stm32l0xx_hal.o
 .debug_ranges  0x00000000000002b8       0xf0 Drivers/STM32L0xx_HAL_Driver/Src/stm32l0xx_hal_adc.o
 .debug_ranges  0x00000000000003a8       0xb0 Drivers/STM32L0xx_HAL_Driver/Src/stm32l0xx_hal_cortex.o
 .debug_ranges  0x0000000000000458       0x48 Drivers/STM32L0xx_HAL_Driver/Src/stm32l0xx_hal_gpio.o
 .debug_ranges  0x00000000000004a0      0x280 Drivers/STM32L0xx_HAL_Driver/Src/stm32l0xx_hal_i2c.o
 .debug_ranges  0x0000000000000720       0x38 Drivers/STM32L0xx_HAL_Driver/Src/stm32l0xx_hal_i2c_ex.o
 .debug_ranges  0x0000000000000758       0x70 Drivers/STM32L0xx_HAL_Driver/Src/stm32l0xx_hal_rcc.o
 .debug_ranges  0x00000000000007c8       0x48 Drivers/STM32L0xx_HAL_Driver/Src/stm32l0xx_hal_rcc_ex.o
 .debug_ranges  0x0000000000000810       0xa8 Drivers/STM32L0xx_HAL_Driver/Src/stm32l0xx_hal_rtc.o
 .debug_ranges  0x00000000000008b8      0x120 Drivers/STM32L0xx_HAL_Driver/Src/stm32l0xx_hal_rtc_ex.o
 .debug_ranges  0x00000000000009d8      0x1c0 Drivers/STM32L0xx_HAL_Driver/Src/stm32l0xx_hal_spi.o

.debug_macro    0x0000000000000000    0x117c8
 .debug_macro   0x0000000000000000      0x1f0 Core/Src/main.o
 .debug_macro   0x00000000000001f0      0xa48 Core/Src/main.o
 .debug_macro   0x0000000000000c38      0x12b Core/Src/main.o
 .debug_macro   0x0000000000000d63       0x2e Core/Src/main.o
 .debug_macro   0x0000000000000d91       0x28 Core/Src/main.o
 .debug_macro   0x0000000000000db9       0x22 Core/Src/main.o
 .debug_macro   0x0000000000000ddb       0x8e Core/Src/main.o
 .debug_macro   0x0000000000000e69       0x51 Core/Src/main.o
 .debug_macro   0x0000000000000eba       0xef Core/Src/main.o
 .debug_macro   0x0000000000000fa9       0x6a Core/Src/main.o
 .debug_macro   0x0000000000001013      0x1df Core/Src/main.o
 .debug_macro   0x00000000000011f2       0x1c Core/Src/main.o
 .debug_macro   0x000000000000120e       0x22 Core/Src/main.o
 .debug_macro   0x0000000000001230       0xb5 Core/Src/main.o
 .debug_macro   0x00000000000012e5      0x3ad Core/Src/main.o
 .debug_macro   0x0000000000001692     0x7ef9 Core/Src/main.o
 .debug_macro   0x000000000000958b       0x3c Core/Src/main.o
 .debug_macro   0x00000000000095c7     0x352b Core/Src/main.o
 .debug_macro   0x000000000000caf2      0x174 Core/Src/main.o
 .debug_macro   0x000000000000cc66       0x5b Core/Src/main.o
 .debug_macro   0x000000000000ccc1      0x8b5 Core/Src/main.o
 .debug_macro   0x000000000000d576      0x474 Core/Src/main.o
 .debug_macro   0x000000000000d9ea      0x189 Core/Src/main.o
 .debug_macro   0x000000000000db73      0x13f Core/Src/main.o
 .debug_macro   0x000000000000dcb2      0x10d Core/Src/main.o
 .debug_macro   0x000000000000ddbf      0x28e Core/Src/main.o
 .debug_macro   0x000000000000e04d       0x28 Core/Src/main.o
 .debug_macro   0x000000000000e075      0x4e1 Core/Src/main.o
 .debug_macro   0x000000000000e556       0x6b Core/Src/main.o
 .debug_macro   0x000000000000e5c1      0x129 Core/Src/main.o
 .debug_macro   0x000000000000e6ea      0x244 Core/Src/main.o
 .debug_macro   0x000000000000e92e      0x22c Core/Src/main.o
 .debug_macro   0x000000000000eb5a       0x5b Core/Src/main.o
 .debug_macro   0x000000000000ebb5       0xa5 Core/Src/main.o
 .debug_macro   0x000000000000ec5a      0x18d Core/Src/main.o
 .debug_macro   0x000000000000ede7       0x16 Core/Src/main.o
 .debug_macro   0x000000000000edfd      0x30c Core/Src/main.o
 .debug_macro   0x000000000000f109      0x418 Core/Src/main.o
 .debug_macro   0x000000000000f521       0xdd Core/Src/main.o
 .debug_macro   0x000000000000f5fe      0x22c Core/Src/main.o
 .debug_macro   0x000000000000f82a      0x12a Core/Src/main.o
 .debug_macro   0x000000000000f954       0x58 Core/Src/main.o
 .debug_macro   0x000000000000f9ac      0x142 Core/Src/main.o
 .debug_macro   0x000000000000faee      0x1ec Core/Src/nrf24.o
 .debug_macro   0x000000000000fcda      0x1dd Core/Src/stm32l0xx_hal_msp.o
 .debug_macro   0x000000000000feb7      0x1e7 Core/Src/stm32l0xx_it.o
 .debug_macro   0x000000000001009e      0x1d4 Core/Src/system_stm32l0xx.o
 .debug_macro   0x0000000000010272      0x1f2 Drivers/STM32L0xx_HAL_Driver/Src/stm32l0xx_hal.o
 .debug_macro   0x0000000000010464      0x1dd Drivers/STM32L0xx_HAL_Driver/Src/stm32l0xx_hal_adc.o
 .debug_macro   0x0000000000010641      0x1ce Drivers/STM32L0xx_HAL_Driver/Src/stm32l0xx_hal_cortex.o
 .debug_macro   0x000000000001080f      0x206 Drivers/STM32L0xx_HAL_Driver/Src/stm32l0xx_hal_gpio.o
 .debug_macro   0x0000000000010a15      0x293 Drivers/STM32L0xx_HAL_Driver/Src/stm32l0xx_hal_i2c.o
 .debug_macro   0x0000000000010ca8      0x1ce Drivers/STM32L0xx_HAL_Driver/Src/stm32l0xx_hal_i2c_ex.o
 .debug_macro   0x0000000000010e76      0x204 Drivers/STM32L0xx_HAL_Driver/Src/stm32l0xx_hal_rcc.o
 .debug_macro   0x000000000001107a      0x1ce Drivers/STM32L0xx_HAL_Driver/Src/stm32l0xx_hal_rcc_ex.o
 .debug_macro   0x0000000000011248      0x1cf Drivers/STM32L0xx_HAL_Driver/Src/stm32l0xx_hal_rtc.o
 .debug_macro   0x0000000000011417      0x1d4 Drivers/STM32L0xx_HAL_Driver/Src/stm32l0xx_hal_rtc_ex.o
 .debug_macro   0x00000000000115eb      0x1dd Drivers/STM32L0xx_HAL_Driver/Src/stm32l0xx_hal_spi.o

.debug_line     0x0000000000000000     0xacdf
 .debug_line    0x0000000000000000      0x83d Core/Src/main.o
 .debug_line    0x000000000000083d      0x8da Core/Src/nrf24.o
 .debug_line    0x0000000000001117      0x7af Core/Src/stm32l0xx_hal_msp.o
 .debug_line    0x00000000000018c6      0x751 Core/Src/stm32l0xx_it.o
 .debug_line    0x0000000000002017      0x72c Core/Src/system_stm32l0xx.o
 .debug_line    0x0000000000002743       0x8a Core/Startup/startup_stm32l031g6ux.o
 .debug_line    0x00000000000027cd      0x948 Drivers/STM32L0xx_HAL_Driver/Src/stm32l0xx_hal.o
 .debug_line    0x0000000000003115      0xbe3 Drivers/STM32L0xx_HAL_Driver/Src/stm32l0xx_hal_adc.o
 .debug_line    0x0000000000003cf8      0x8cf Drivers/STM32L0xx_HAL_Driver/Src/stm32l0xx_hal_cortex.o
 .debug_line    0x00000000000045c7      0x876 Drivers/STM32L0xx_HAL_Driver/Src/stm32l0xx_hal_gpio.o
 .debug_line    0x0000000000004e3d     0x1aed Drivers/STM32L0xx_HAL_Driver/Src/stm32l0xx_hal_i2c.o
 .debug_line    0x000000000000692a      0x841 Drivers/STM32L0xx_HAL_Driver/Src/stm32l0xx_hal_i2c_ex.o
 .debug_line    0x000000000000716b      0x9b8 Drivers/STM32L0xx_HAL_Driver/Src/stm32l0xx_hal_rcc.o
 .debug_line    0x0000000000007b23      0x89a Drivers/STM32L0xx_HAL_Driver/Src/stm32l0xx_hal_rcc_ex.o
 .debug_line    0x00000000000083bd      0xa9b Drivers/STM32L0xx_HAL_Driver/Src/stm32l0xx_hal_rtc.o
 .debug_line    0x0000000000008e58      0xda7 Drivers/STM32L0xx_HAL_Driver/Src/stm32l0xx_hal_rtc_ex.o
 .debug_line    0x0000000000009bff     0x10e0 Drivers/STM32L0xx_HAL_Driver/Src/stm32l0xx_hal_spi.o

.debug_str      0x0000000000000000    0x6b3e0
 .debug_str     0x0000000000000000    0x68390 Core/Src/main.o
                                      0x68771 (size before relaxing)
 .debug_str     0x0000000000068390      0x179 Core/Src/nrf24.o
                                      0x67d07 (size before relaxing)
 .debug_str     0x0000000000068509       0xb9 Core/Src/stm32l0xx_hal_msp.o
                                      0x67cac (size before relaxing)
 .debug_str     0x00000000000685c2       0x76 Core/Src/stm32l0xx_it.o
                                      0x67159 (size before relaxing)
 .debug_str     0x0000000000068638       0x9c Core/Src/system_stm32l0xx.o
                                      0x670c0 (size before relaxing)
 .debug_str     0x00000000000686d4       0x36 Core/Startup/startup_stm32l031g6ux.o
                                         0x71 (size before relaxing)
 .debug_str     0x000000000006870a      0x4f6 Drivers/STM32L0xx_HAL_Driver/Src/stm32l0xx_hal.o
                                      0x676a6 (size before relaxing)
 .debug_str     0x0000000000068c00      0x34a Drivers/STM32L0xx_HAL_Driver/Src/stm32l0xx_hal_adc.o
                                      0x67766 (size before relaxing)
 .debug_str     0x0000000000068f4a      0x1bc Drivers/STM32L0xx_HAL_Driver/Src/stm32l0xx_hal_cortex.o
                                      0x673be (size before relaxing)
 .debug_str     0x0000000000069106      0x1f7 Drivers/STM32L0xx_HAL_Driver/Src/stm32l0xx_hal_gpio.o
                                      0x67320 (size before relaxing)
 .debug_str     0x00000000000692fd      0xd39 Drivers/STM32L0xx_HAL_Driver/Src/stm32l0xx_hal_i2c.o
                                      0x682e6 (size before relaxing)
 .debug_str     0x000000000006a036       0xb8 Drivers/STM32L0xx_HAL_Driver/Src/stm32l0xx_hal_i2c_ex.o
                                      0x6762b (size before relaxing)
 .debug_str     0x000000000006a0ee      0x2d2 Drivers/STM32L0xx_HAL_Driver/Src/stm32l0xx_hal_rcc.o
                                      0x6754a (size before relaxing)
 .debug_str     0x000000000006a3c0      0x13a Drivers/STM32L0xx_HAL_Driver/Src/stm32l0xx_hal_rcc_ex.o
                                      0x6727e (size before relaxing)
 .debug_str     0x000000000006a4fa      0x216 Drivers/STM32L0xx_HAL_Driver/Src/stm32l0xx_hal_rtc.o
                                      0x6748a (size before relaxing)
 .debug_str     0x000000000006a710      0x771 Drivers/STM32L0xx_HAL_Driver/Src/stm32l0xx_hal_rtc_ex.o
                                      0x679be (size before relaxing)
 .debug_str     0x000000000006ae81      0x55f Drivers/STM32L0xx_HAL_Driver/Src/stm32l0xx_hal_spi.o
                                      0x6794f (size before relaxing)

.comment        0x0000000000000000       0x7b
 .comment       0x0000000000000000       0x7b Core/Src/main.o
                                         0x7c (size before relaxing)
 .comment       0x000000000000007b       0x7c Core/Src/nrf24.o
 .comment       0x000000000000007b       0x7c Core/Src/stm32l0xx_hal_msp.o
 .comment       0x000000000000007b       0x7c Core/Src/stm32l0xx_it.o
 .comment       0x000000000000007b       0x7c Core/Src/system_stm32l0xx.o
 .comment       0x000000000000007b       0x7c Drivers/STM32L0xx_HAL_Driver/Src/stm32l0xx_hal.o
 .comment       0x000000000000007b       0x7c Drivers/STM32L0xx_HAL_Driver/Src/stm32l0xx_hal_adc.o
 .comment       0x000000000000007b       0x7c Drivers/STM32L0xx_HAL_Driver/Src/stm32l0xx_hal_cortex.o
 .comment       0x000000000000007b       0x7c Drivers/STM32L0xx_HAL_Driver/Src/stm32l0xx_hal_gpio.o
 .comment       0x000000000000007b       0x7c Drivers/STM32L0xx_HAL_Driver/Src/stm32l0xx_hal_i2c.o
 .comment       0x000000000000007b       0x7c Drivers/STM32L0xx_HAL_Driver/Src/stm32l0xx_hal_i2c_ex.o
 .comment       0x000000000000007b       0x7c Drivers/STM32L0xx_HAL_Driver/Src/stm32l0xx_hal_rcc.o
 .comment       0x000000000000007b       0x7c Drivers/STM32L0xx_HAL_Driver/Src/stm32l0xx_hal_rcc_ex.o
 .comment       0x000000000000007b       0x7c Drivers/STM32L0xx_HAL_Driver/Src/stm32l0xx_hal_rtc.o
 .comment       0x000000000000007b       0x7c Drivers/STM32L0xx_HAL_Driver/Src/stm32l0xx_hal_rtc_ex.o
 .comment       0x000000000000007b       0x7c Drivers/STM32L0xx_HAL_Driver/Src/stm32l0xx_hal_spi.o

.debug_frame    0x0000000000000000     0x2d60
 .debug_frame   0x0000000000000000      0x108 Core/Src/main.o
 .debug_frame   0x0000000000000108      0x2e0 Core/Src/nrf24.o
 .debug_frame   0x00000000000003e8      0x12c Core/Src/stm32l0xx_hal_msp.o
 .debug_frame   0x0000000000000514       0x9c Core/Src/stm32l0xx_it.o
 .debug_frame   0x00000000000005b0       0x4c Core/Src/system_stm32l0xx.o
 .debug_frame   0x00000000000005fc      0x394 Drivers/STM32L0xx_HAL_Driver/Src/stm32l0xx_hal.o
 .debug_frame   0x0000000000000990      0x3c0 Drivers/STM32L0xx_HAL_Driver/Src/stm32l0xx_hal_adc.o
 .debug_frame   0x0000000000000d50      0x2a0 Drivers/STM32L0xx_HAL_Driver/Src/stm32l0xx_hal_cortex.o
 .debug_frame   0x0000000000000ff0      0x110 Drivers/STM32L0xx_HAL_Driver/Src/stm32l0xx_hal_gpio.o
 .debug_frame   0x0000000000001100      0xa20 Drivers/STM32L0xx_HAL_Driver/Src/stm32l0xx_hal_i2c.o
 .debug_frame   0x0000000000001b20       0xd0 Drivers/STM32L0xx_HAL_Driver/Src/stm32l0xx_hal_i2c_ex.o
 .debug_frame   0x0000000000001bf0      0x1a8 Drivers/STM32L0xx_HAL_Driver/Src/stm32l0xx_hal_rcc.o
 .debug_frame   0x0000000000001d98       0xfc Drivers/STM32L0xx_HAL_Driver/Src/stm32l0xx_hal_rcc_ex.o
 .debug_frame   0x0000000000001e94      0x290 Drivers/STM32L0xx_HAL_Driver/Src/stm32l0xx_hal_rtc.o
 .debug_frame   0x0000000000002124      0x470 Drivers/STM32L0xx_HAL_Driver/Src/stm32l0xx_hal_rtc_ex.o
 .debug_frame   0x0000000000002594      0x6f0 Drivers/STM32L0xx_HAL_Driver/Src/stm32l0xx_hal_spi.o
 .debug_frame   0x0000000000002c84       0x2c d:/st/stm32cubeide_1.4.0/stm32cubeide/plugins/com.st.stm32cube.ide.mcu.externaltools.gnu-tools-for-stm32.7-2018-q2-update.win32_1.5.0.202011040924/tools/bin/../lib/gcc/arm-none-eabi/7.3.1/../../../../arm-none-eabi/lib/thumb/v6-m\libc_nano.a(lib_a-init.o)
 .debug_frame   0x0000000000002cb0       0x20 d:/st/stm32cubeide_1.4.0/stm32cubeide/plugins/com.st.stm32cube.ide.mcu.externaltools.gnu-tools-for-stm32.7-2018-q2-update.win32_1.5.0.202011040924/tools/bin/../lib/gcc/arm-none-eabi/7.3.1/../../../../arm-none-eabi/lib/thumb/v6-m\libc_nano.a(lib_a-memset.o)
 .debug_frame   0x0000000000002cd0       0x20 d:/st/stm32cubeide_1.4.0/stm32cubeide/plugins/com.st.stm32cube.ide.mcu.externaltools.gnu-tools-for-stm32.7-2018-q2-update.win32_1.5.0.202011040924/tools/bin/../lib/gcc/arm-none-eabi/7.3.1/thumb/v6-m\libgcc.a(_udivsi3.o)
 .debug_frame   0x0000000000002cf0       0x34 d:/st/stm32cubeide_1.4.0/stm32cubeide/plugins/com.st.stm32cube.ide.mcu.externaltools.gnu-tools-for-stm32.7-2018-q2-update.win32_1.5.0.202011040924/tools/bin/../lib/gcc/arm-none-eabi/7.3.1/thumb/v6-m\libgcc.a(_muldi3.o)
 .debug_frame   0x0000000000002d24       0x3c d:/st/stm32cubeide_1.4.0/stm32cubeide/plugins/com.st.stm32cube.ide.mcu.externaltools.gnu-tools-for-stm32.7-2018-q2-update.win32_1.5.0.202011040924/tools/bin/../lib/gcc/arm-none-eabi/7.3.1/thumb/v6-m\libgcc.a(_udivmoddi4.o)
