Archive member included to satisfy reference by file (symbol)

d:/st/stm32cubeide_1.4.0/stm32cubeide/plugins/com.st.stm32cube.ide.mcu.externaltools.gnu-tools-for-stm32.7-2018-q2-update.win32_1.5.0.202011040924/tools/bin/../lib/gcc/arm-none-eabi/7.3.1/../../../../arm-none-eabi/lib/thumb/v6-m\libc_nano.a(lib_a-errno.o)
                              Core/Src/syscalls.o (__errno)
d:/st/stm32cubeide_1.4.0/stm32cubeide/plugins/com.st.stm32cube.ide.mcu.externaltools.gnu-tools-for-stm32.7-2018-q2-update.win32_1.5.0.202011040924/tools/bin/../lib/gcc/arm-none-eabi/7.3.1/../../../../arm-none-eabi/lib/thumb/v6-m\libc_nano.a(lib_a-exit.o)
                              d:/st/stm32cubeide_1.4.0/stm32cubeide/plugins/com.st.stm32cube.ide.mcu.externaltools.gnu-tools-for-stm32.7-2018-q2-update.win32_1.5.0.202011040924/tools/bin/../lib/gcc/arm-none-eabi/7.3.1/../../../../arm-none-eabi/lib/thumb/v6-m/crt0.o (exit)
d:/st/stm32cubeide_1.4.0/stm32cubeide/plugins/com.st.stm32cube.ide.mcu.externaltools.gnu-tools-for-stm32.7-2018-q2-update.win32_1.5.0.202011040924/tools/bin/../lib/gcc/arm-none-eabi/7.3.1/../../../../arm-none-eabi/lib/thumb/v6-m\libc_nano.a(lib_a-impure.o)
                              d:/st/stm32cubeide_1.4.0/stm32cubeide/plugins/com.st.stm32cube.ide.mcu.externaltools.gnu-tools-for-stm32.7-2018-q2-update.win32_1.5.0.202011040924/tools/bin/../lib/gcc/arm-none-eabi/7.3.1/../../../../arm-none-eabi/lib/thumb/v6-m\libc_nano.a(lib_a-exit.o) (_global_impure_ptr)
d:/st/stm32cubeide_1.4.0/stm32cubeide/plugins/com.st.stm32cube.ide.mcu.externaltools.gnu-tools-for-stm32.7-2018-q2-update.win32_1.5.0.202011040924/tools/bin/../lib/gcc/arm-none-eabi/7.3.1/../../../../arm-none-eabi/lib/thumb/v6-m\libc_nano.a(lib_a-init.o)
                              d:/st/stm32cubeide_1.4.0/stm32cubeide/plugins/com.st.stm32cube.ide.mcu.externaltools.gnu-tools-for-stm32.7-2018-q2-update.win32_1.5.0.202011040924/tools/bin/../lib/gcc/arm-none-eabi/7.3.1/../../../../arm-none-eabi/lib/thumb/v6-m/crt0.o (__libc_init_array)
d:/st/stm32cubeide_1.4.0/stm32cubeide/plugins/com.st.stm32cube.ide.mcu.externaltools.gnu-tools-for-stm32.7-2018-q2-update.win32_1.5.0.202011040924/tools/bin/../lib/gcc/arm-none-eabi/7.3.1/../../../../arm-none-eabi/lib/thumb/v6-m\libc_nano.a(lib_a-memset.o)
                              d:/st/stm32cubeide_1.4.0/stm32cubeide/plugins/com.st.stm32cube.ide.mcu.externaltools.gnu-tools-for-stm32.7-2018-q2-update.win32_1.5.0.202011040924/tools/bin/../lib/gcc/arm-none-eabi/7.3.1/../../../../arm-none-eabi/lib/thumb/v6-m/crt0.o (memset)
d:/st/stm32cubeide_1.4.0/stm32cubeide/plugins/com.st.stm32cube.ide.mcu.externaltools.gnu-tools-for-stm32.7-2018-q2-update.win32_1.5.0.202011040924/tools/bin/../lib/gcc/arm-none-eabi/7.3.1/thumb/v6-m\libgcc.a(_udivsi3.o)
                              Core/Src/system_stm32l0xx.o (__aeabi_uidiv)
d:/st/stm32cubeide_1.4.0/stm32cubeide/plugins/com.st.stm32cube.ide.mcu.externaltools.gnu-tools-for-stm32.7-2018-q2-update.win32_1.5.0.202011040924/tools/bin/../lib/gcc/arm-none-eabi/7.3.1/thumb/v6-m\libgcc.a(_dvmd_tls.o)
                              d:/st/stm32cubeide_1.4.0/stm32cubeide/plugins/com.st.stm32cube.ide.mcu.externaltools.gnu-tools-for-stm32.7-2018-q2-update.win32_1.5.0.202011040924/tools/bin/../lib/gcc/arm-none-eabi/7.3.1/thumb/v6-m\libgcc.a(_udivsi3.o) (__aeabi_idiv0)

Allocating common symbols
Common symbol       size              file

hi2c1               0x4c              Core/Src/main.o
uwTick              0x4               Drivers/STM32L0xx_HAL_Driver/Src/stm32l0xx_hal.o
pFlash              0x18              Drivers/STM32L0xx_HAL_Driver/Src/stm32l0xx_hal_flash.o
hspi1               0x58              Core/Src/main.o
hadc                0x5c              Core/Src/main.o

Discarded input sections

 .text          0x0000000000000000        0x0 d:/st/stm32cubeide_1.4.0/stm32cubeide/plugins/com.st.stm32cube.ide.mcu.externaltools.gnu-tools-for-stm32.7-2018-q2-update.win32_1.5.0.202011040924/tools/bin/../lib/gcc/arm-none-eabi/7.3.1/thumb/v6-m/crti.o
 .data          0x0000000000000000        0x0 d:/st/stm32cubeide_1.4.0/stm32cubeide/plugins/com.st.stm32cube.ide.mcu.externaltools.gnu-tools-for-stm32.7-2018-q2-update.win32_1.5.0.202011040924/tools/bin/../lib/gcc/arm-none-eabi/7.3.1/thumb/v6-m/crti.o
 .bss           0x0000000000000000        0x0 d:/st/stm32cubeide_1.4.0/stm32cubeide/plugins/com.st.stm32cube.ide.mcu.externaltools.gnu-tools-for-stm32.7-2018-q2-update.win32_1.5.0.202011040924/tools/bin/../lib/gcc/arm-none-eabi/7.3.1/thumb/v6-m/crti.o
 .data          0x0000000000000000        0x4 d:/st/stm32cubeide_1.4.0/stm32cubeide/plugins/com.st.stm32cube.ide.mcu.externaltools.gnu-tools-for-stm32.7-2018-q2-update.win32_1.5.0.202011040924/tools/bin/../lib/gcc/arm-none-eabi/7.3.1/thumb/v6-m/crtbegin.o
[...]
Memory Configuration

Name             Origin             Length             Attributes
RAM              0x0000000020000000 0x0000000000002000 xrw
FLASH            0x0000000008000000 0x0000000000008000 xr
*default*        0x0000000000000000 0xffffffffffffffff

Linker script and memory map

LOAD d:/st/stm32cubeide_1.4.0/stm32cubeide/plugins/com.st.stm32cube.ide.mcu.externaltools.gnu-tools-for-stm32.7-2018-q2-update.win32_1.5.0.202011040924/tools/bin/../lib/gcc/arm-none-eabi/7.3.1/thumb/v6-m/crti.o
LOAD d:/st/stm32cubeide_1.4.0/stm32cubeide/plugins/com.st.stm32cube.ide.mcu.externaltools.gnu-tools-for-stm32.7-2018-q2-update.win32_1.5.0.202011040924/tools/bin/../lib/gcc/arm-none-eabi/7.3.1/thumb/v6-m/crtbegin.o
LOAD d:/st/stm32cubeide_1.4.0/stm32cubeide/plugins/com.st.stm32cube.ide.mcu.externaltools.gnu-tools-for-stm32.7-2018-q2-update.win32_1.5.0.202011040924/tools/bin/../lib/gcc/arm-none-eabi/7.3.1/../../../../arm-none-eabi/lib/thumb/v6-m/crt0.o
LOAD Core/Src/main.o
LOAD Core/Src/nrf24.o
LOAD Core/Src/stm32l0xx_hal_msp.o
LOAD Core/Src/stm32l0xx_it.o
LOAD Core/Src/syscalls.o
LOAD Core/Src/sysmem.o
LOAD Core/Src/system_stm32l0xx.o
LOAD Core/Startup/startup_stm32l031g6ux.o
LOAD Drivers/STM32L0xx_HAL_Driver/Src/stm32l0xx_hal.o
LOAD Drivers/STM32L0xx_HAL_Driver/Src/stm32l0xx_hal_adc.o
LOAD Drivers/STM32L0xx_HAL_Driver/Src/stm32l0xx_hal_adc_ex.o
LOAD Drivers/STM32L0xx_HAL_Driver/Src/stm32l0xx_hal_cortex.o
LOAD Drivers/STM32L0xx_HAL_Driver/Src/stm32l0xx_hal_dma.o
LOAD Drivers/STM32L0xx_HAL_Driver/Src/stm32l0xx_hal_flash.o
LOAD Drivers/STM32L0xx_HAL_Driver/Src/stm32l0xx_hal_flash_ex.o
LOAD Drivers/STM32L0xx_HAL_Driver/Src/stm32l0xx_hal_flash_ramfunc.o
LOAD Drivers/STM32L0xx_HAL_Driver/Src/stm32l0xx_hal_gpio.o
LOAD Drivers/STM32L0xx_HAL_Driver/Src/stm32l0xx_hal_i2c.o
LOAD Drivers/STM32L0xx_HAL_Driver/Src/stm32l0xx_hal_i2c_ex.o
LOAD Drivers/STM32L0xx_HAL_Driver/Src/stm32l0xx_hal_pwr.o
LOAD Drivers/STM32L0xx_HAL_Driver/Src/stm32l0xx_hal_pwr_ex.o
LOAD Drivers/STM32L0xx_HAL_Driver/Src/stm32l0xx_hal_rcc.o
LOAD Drivers/STM32L0xx_HAL_Driver/Src/stm32l0xx_hal_rcc_ex.o
LOAD Drivers/STM32L0xx_HAL_Driver/Src/stm32l0xx_hal_spi.o
LOAD Drivers/STM32L0xx_HAL_Driver/Src/stm32l0xx_hal_tim.o
LOAD Drivers/STM32L0xx_HAL_Driver/Src/stm32l0xx_hal_tim_ex.o
START GROUP
LOAD d:/st/stm32cubeide_1.4.0/stm32cubeide/plugins/com.st.stm32cube.ide.mcu.externaltools.gnu-tools-for-stm32.7-2018-q2-update.win32_1.5.0.202011040924/tools/bin/../lib/gcc/arm-none-eabi/7.3.1/../../../../arm-none-eabi/lib/thumb/v6-m\libc_nano.a
LOAD d:/st/stm32cubeide_1.4.0/stm32cubeide/plugins/com.st.stm32cube.ide.mcu.externaltools.gnu-tools-for-stm32.7-2018-q2-update.win32_1.5.0.202011040924/tools/bin/../lib/gcc/arm-none-eabi/7.3.1/../../../../arm-none-eabi/lib/thumb/v6-m\libm.a
END GROUP
START GROUP
LOAD d:/st/stm32cubeide_1.4.0/stm32cubeide/plugins/com.st.stm32cube.ide.mcu.externaltools.gnu-tools-for-stm32.7-2018-q2-update.win32_1.5.0.202011040924/tools/bin/../lib/gcc/arm-none-eabi/7.3.1/thumb/v6-m\libgcc.a
LOAD d:/st/stm32cubeide_1.4.0/stm32cubeide/plugins/com.st.stm32cube.ide.mcu.externaltools.gnu-tools-for-stm32.7-2018-q2-update.win32_1.5.0.202011040924/tools/bin/../lib/gcc/arm-none-eabi/7.3.1/../../../../arm-none-eabi/lib/thumb/v6-m\libc_nano.a
END GROUP
START GROUP
LOAD d:/st/stm32cubeide_1.4.0/stm32cubeide/plugins/com.st.stm32cube.ide.mcu.externaltools.gnu-tools-for-stm32.7-2018-q2-update.win32_1.5.0.202011040924/tools/bin/../lib/gcc/arm-none-eabi/7.3.1/thumb/v6-m\libgcc.a
LOAD d:/st/stm32cubeide_1.4.0/stm32cubeide/plugins/com.st.stm32cube.ide.mcu.externaltools.gnu-tools-for-stm32.7-2018-q2-update.win32_1.5.0.202011040924/tools/bin/../lib/gcc/arm-none-eabi/7.3.1/../../../../arm-none-eabi/lib/thumb/v6-m\libc_nano.a
LOAD d:/st/stm32cubeide_1.4.0/stm32cubeide/plugins/com.st.stm32cube.ide.mcu.externaltools.gnu-tools-for-stm32.7-2018-q2-update.win32_1.5.0.202011040924/tools/bin/../lib/gcc/arm-none-eabi/7.3.1/../../../../arm-none-eabi/lib/thumb/v6-m\libnosys.a
END GROUP
START GROUP
LOAD d:/st/stm32cubeide_1.4.0/stm32cubeide/plugins/com.st.stm32cube.ide.mcu.externaltools.gnu-tools-for-stm32.7-2018-q2-update.win32_1.5.0.202011040924/tools/bin/../lib/gcc/arm-none-eabi/7.3.1/thumb/v6-m\libgcc.a
LOAD d:/st/stm32cubeide_1.4.0/stm32cubeide/plugins/com.st.stm32cube.ide.mcu.externaltools.gnu-tools-for-stm32.7-2018-q2-update.win32_1.5.0.202011040924/tools/bin/../lib/gcc/arm-none-eabi/7.3.1/../../../../arm-none-eabi/lib/thumb/v6-m\libc_nano.a
LOAD d:/st/stm32cubeide_1.4.0/stm32cubeide/plugins/com.st.stm32cube.ide.mcu.externaltools.gnu-tools-for-stm32.7-2018-q2-update.win32_1.5.0.202011040924/tools/bin/../lib/gcc/arm-none-eabi/7.3.1/../../../../arm-none-eabi/lib/thumb/v6-m\libnosys.a
END GROUP
LOAD d:/st/stm32cubeide_1.4.0/stm32cubeide/plugins/com.st.stm32cube.ide.mcu.externaltools.gnu-tools-for-stm32.7-2018-q2-update.win32_1.5.0.202011040924/tools/bin/../lib/gcc/arm-none-eabi/7.3.1/thumb/v6-m/crtend.o
LOAD d:/st/stm32cubeide_1.4.0/stm32cubeide/plugins/com.st.stm32cube.ide.mcu.externaltools.gnu-tools-for-stm32.7-2018-q2-update.win32_1.5.0.202011040924/tools/bin/../lib/gcc/arm-none-eabi/7.3.1/thumb/v6-m/crtn.o
                0x0000000020002000                _estack = (ORIGIN (RAM) + LENGTH (RAM))
                0x0000000000000200                _Min_Heap_Size = 0x200
                0x0000000000000400                _Min_Stack_Size = 0x400

.isr_vector     0x0000000008000000       0xc0
                0x0000000008000000                . = ALIGN (0x4)
 *(.isr_vector)
 .isr_vector    0x0000000008000000       0xc0 Core/Startup/startup_stm32l031g6ux.o
                0x0000000008000000                g_pfnVectors
                0x00000000080000c0                . = ALIGN (0x4)

.text           0x00000000080000c0     0x2f7c
                0x00000000080000c0                . = ALIGN (0x4)
 *(.text)
 .text          0x00000000080000c0       0x48 d:/st/stm32cubeide_1.4.0/stm32cubeide/plugins/com.st.stm32cube.ide.mcu.externaltools.gnu-tools-for-stm32.7-2018-q2-update.win32_1.5.0.202011040924/tools/bin/../lib/gcc/arm-none-eabi/7.3.1/thumb/v6-m/crtbegin.o
 .text          0x0000000008000108      0x114 d:/st/stm32cubeide_1.4.0/stm32cubeide/plugins/com.st.stm32cube.ide.mcu.externaltools.gnu-tools-for-stm32.7-2018-q2-update.win32_1.5.0.202011040924/tools/bin/../lib/gcc/arm-none-eabi/7.3.1/thumb/v6-m\libgcc.a(_udivsi3.o)
                0x0000000008000108                __aeabi_uidiv
                0x0000000008000108                __udivsi3
                0x0000000008000214                __aeabi_uidivmod
 .text          0x000000000800021c        0x4 d:/st/stm32cubeide_1.4.0/stm32cubeide/plugins/com.st.stm32cube.ide.mcu.externaltools.gnu-tools-for-stm32.7-2018-q2-update.win32_1.5.0.202011040924/tools/bin/../lib/gcc/arm-none-eabi/7.3.1/thumb/v6-m\libgcc.a(_dvmd_tls.o)
                0x000000000800021c                __aeabi_idiv0
                0x000000000800021c                __aeabi_ldiv0
 *(.text*)
 .text.main     0x0000000008000220       0x80 Core/Src/main.o
                0x0000000008000220                main
 .text.SystemClock_Config
                0x00000000080002a0       0xd8 Core/Src/main.o
                0x00000000080002a0                SystemClock_Config
 .text.MX_ADC_Init
                0x0000000008000378       0xcc Core/Src/main.o
 .text.MX_I2C1_Init
                0x0000000008000444       0x80 Core/Src/main.o
 .text.MX_SPI1_Init
                0x00000000080004c4       0x70 Core/Src/main.o
 .text.MX_GPIO_Init
                0x0000000008000534      0x134 Core/Src/main.o
 .text.Error_Handler
                0x0000000008000668        0xa Core/Src/main.o
                0x0000000008000668                Error_Handler
 *fill*         0x0000000008000672        0x2 
 .text.nRF24_Init
                0x0000000008000674       0x48 Core/Src/nrf24.o
                0x0000000008000674                nRF24_Init
 .text.nRF24_SendByte
                0x00000000080006bc       0x50 Core/Src/nrf24.o
                0x00000000080006bc                nRF24_SendByte
 .text.nRF24_WriteRegister
                0x000000000800070c       0x74 Core/Src/nrf24.o
                0x000000000800070c                nRF24_WriteRegister
 .text.nRF24_ReadRegister
                0x0000000008000780       0x6c Core/Src/nrf24.o
                0x0000000008000780                nRF24_ReadRegister
 .text.nRF24_ReadMBRegister
                0x00000000080007ec       0xa4 Core/Src/nrf24.o
                0x00000000080007ec                nRF24_ReadMBRegister
 .text.nRF24_GetStatus
                0x0000000008000890       0x20 Core/Src/nrf24.o
                0x0000000008000890                nRF24_GetStatus
 .text.nRF24_SetRFChannel
                0x00000000080008b0       0x20 Core/Src/nrf24.o
                0x00000000080008b0                nRF24_SetRFChannel
 .text.HAL_MspInit
                0x00000000080008d0       0x28 Core/Src/stm32l0xx_hal_msp.o
                0x00000000080008d0                HAL_MspInit
 .text.HAL_ADC_MspInit
                0x00000000080008f8       0x7c Core/Src/stm32l0xx_hal_msp.o
                0x00000000080008f8                HAL_ADC_MspInit
 .text.HAL_I2C_MspInit
                0x0000000008000974       0x88 Core/Src/stm32l0xx_hal_msp.o
                0x0000000008000974                HAL_I2C_MspInit
 .text.HAL_SPI_MspInit
                0x00000000080009fc       0x88 Core/Src/stm32l0xx_hal_msp.o
                0x00000000080009fc                HAL_SPI_MspInit
 .text.NMI_Handler
                0x0000000008000a84        0xa Core/Src/stm32l0xx_it.o
                0x0000000008000a84                NMI_Handler
 .text.HardFault_Handler
                0x0000000008000a8e        0x6 Core/Src/stm32l0xx_it.o
                0x0000000008000a8e                HardFault_Handler
 .text.SVC_Handler
                0x0000000008000a94        0xa Core/Src/stm32l0xx_it.o
                0x0000000008000a94                SVC_Handler
 .text.PendSV_Handler
                0x0000000008000a9e        0xa Core/Src/stm32l0xx_it.o
                0x0000000008000a9e                PendSV_Handler
 .text.SysTick_Handler
                0x0000000008000aa8        0xe Core/Src/stm32l0xx_it.o
                0x0000000008000aa8                SysTick_Handler
 *fill*         0x0000000008000ab6        0x2 
 .text.SystemInit
                0x0000000008000ab8       0x7c Core/Src/system_stm32l0xx.o
                0x0000000008000ab8                SystemInit
 .text.Reset_Handler
                0x0000000008000b34       0x50 Core/Startup/startup_stm32l031g6ux.o
                0x0000000008000b34                Reset_Handler
 .text.Default_Handler
                0x0000000008000b84        0x2 Core/Startup/startup_stm32l031g6ux.o
                0x0000000008000b84                ADC1_COMP_IRQHandler
                0x0000000008000b84                PVD_IRQHandler
                0x0000000008000b84                I2C1_IRQHandler
                0x0000000008000b84                SPI1_IRQHandler
                0x0000000008000b84                EXTI2_3_IRQHandler
                0x0000000008000b84                RTC_IRQHandler
                0x0000000008000b84                DMA1_Channel4_5_6_7_IRQHandler
                0x0000000008000b84                EXTI4_15_IRQHandler
                0x0000000008000b84                RCC_IRQHandler
                0x0000000008000b84                DMA1_Channel1_IRQHandler
                0x0000000008000b84                Default_Handler
                0x0000000008000b84                TIM22_IRQHandler
                0x0000000008000b84                EXTI0_1_IRQHandler
                0x0000000008000b84                TIM21_IRQHandler
                0x0000000008000b84                WWDG_IRQHandler
                0x0000000008000b84                LPUART1_IRQHandler
                0x0000000008000b84                TIM2_IRQHandler
                0x0000000008000b84                DMA1_Channel2_3_IRQHandler
                0x0000000008000b84                USART2_IRQHandler
                0x0000000008000b84                FLASH_IRQHandler
                0x0000000008000b84                LPTIM1_IRQHandler
 *fill*         0x0000000008000b86        0x2 
 .text.HAL_Init
                0x0000000008000b88       0x40 Drivers/STM32L0xx_HAL_Driver/Src/stm32l0xx_hal.o
                0x0000000008000b88                HAL_Init
 .text.HAL_InitTick
                0x0000000008000bc8       0x68 Drivers/STM32L0xx_HAL_Driver/Src/stm32l0xx_hal.o
                0x0000000008000bc8                HAL_InitTick
 .text.HAL_IncTick
                0x0000000008000c30       0x24 Drivers/STM32L0xx_HAL_Driver/Src/stm32l0xx_hal.o
                0x0000000008000c30                HAL_IncTick
 .text.HAL_GetTick
                0x0000000008000c54       0x14 Drivers/STM32L0xx_HAL_Driver/Src/stm32l0xx_hal.o
                0x0000000008000c54                HAL_GetTick
 .text.HAL_Delay
                0x0000000008000c68       0x44 Drivers/STM32L0xx_HAL_Driver/Src/stm32l0xx_hal.o
                0x0000000008000c68                HAL_Delay
 .text.HAL_ADC_Init
                0x0000000008000cac      0x2e8 Drivers/STM32L0xx_HAL_Driver/Src/stm32l0xx_hal_adc.o
                0x0000000008000cac                HAL_ADC_Init
 .text.HAL_ADC_ConfigChannel
                0x0000000008000f94      0x10c Drivers/STM32L0xx_HAL_Driver/Src/stm32l0xx_hal_adc.o
                0x0000000008000f94                HAL_ADC_ConfigChannel
 .text.ADC_DelayMicroSecond
                0x00000000080010a0       0x3c Drivers/STM32L0xx_HAL_Driver/Src/stm32l0xx_hal_adc.o
 .text.NVIC_SetPriority
                0x00000000080010dc       0xdc Drivers/STM32L0xx_HAL_Driver/Src/stm32l0xx_hal_cortex.o
 .text.SysTick_Config
                0x00000000080011b8       0x48 Drivers/STM32L0xx_HAL_Driver/Src/stm32l0xx_hal_cortex.o
 .text.HAL_NVIC_SetPriority
                0x0000000008001200       0x2a Drivers/STM32L0xx_HAL_Driver/Src/stm32l0xx_hal_cortex.o
                0x0000000008001200                HAL_NVIC_SetPriority
 .text.HAL_SYSTICK_Config
                0x000000000800122a       0x1a Drivers/STM32L0xx_HAL_Driver/Src/stm32l0xx_hal_cortex.o
                0x000000000800122a                HAL_SYSTICK_Config
 .text.HAL_GPIO_Init
                0x0000000008001244      0x2dc Drivers/STM32L0xx_HAL_Driver/Src/stm32l0xx_hal_gpio.o
                0x0000000008001244                HAL_GPIO_Init
 .text.HAL_GPIO_WritePin
                0x0000000008001520       0x3a Drivers/STM32L0xx_HAL_Driver/Src/stm32l0xx_hal_gpio.o
                0x0000000008001520                HAL_GPIO_WritePin
 .text.HAL_GPIO_TogglePin
                0x000000000800155a       0x36 Drivers/STM32L0xx_HAL_Driver/Src/stm32l0xx_hal_gpio.o
                0x000000000800155a                HAL_GPIO_TogglePin
 .text.HAL_I2C_Init
                0x0000000008001590      0x12c Drivers/STM32L0xx_HAL_Driver/Src/stm32l0xx_hal_i2c.o
                0x0000000008001590                HAL_I2C_Init
 .text.HAL_I2CEx_ConfigAnalogFilter
                0x00000000080016bc       0x98 Drivers/STM32L0xx_HAL_Driver/Src/stm32l0xx_hal_i2c_ex.o
                0x00000000080016bc                HAL_I2CEx_ConfigAnalogFilter
 .text.HAL_I2CEx_ConfigDigitalFilter
                0x0000000008001754       0x98 Drivers/STM32L0xx_HAL_Driver/Src/stm32l0xx_hal_i2c_ex.o
                0x0000000008001754                HAL_I2CEx_ConfigDigitalFilter
 .text.HAL_RCC_OscConfig
                0x00000000080017ec      0x6f4 Drivers/STM32L0xx_HAL_Driver/Src/stm32l0xx_hal_rcc.o
                0x00000000080017ec                HAL_RCC_OscConfig
 .text.HAL_RCC_ClockConfig
                0x0000000008001ee0      0x254 Drivers/STM32L0xx_HAL_Driver/Src/stm32l0xx_hal_rcc.o
                0x0000000008001ee0                HAL_RCC_ClockConfig
 .text.HAL_RCC_GetSysClockFreq
                0x0000000008002134      0x108 Drivers/STM32L0xx_HAL_Driver/Src/stm32l0xx_hal_rcc.o
                0x0000000008002134                HAL_RCC_GetSysClockFreq
 .text.HAL_RCCEx_PeriphCLKConfig
                0x000000000800223c      0x250 Drivers/STM32L0xx_HAL_Driver/Src/stm32l0xx_hal_rcc_ex.o
                0x000000000800223c                HAL_RCCEx_PeriphCLKConfig
 .text.HAL_SPI_Init
                0x000000000800248c       0xbe Drivers/STM32L0xx_HAL_Driver/Src/stm32l0xx_hal_spi.o
                0x000000000800248c                HAL_SPI_Init
 .text.HAL_SPI_Transmit
                0x000000000800254a      0x29c Drivers/STM32L0xx_HAL_Driver/Src/stm32l0xx_hal_spi.o
                0x000000000800254a                HAL_SPI_Transmit
 *fill*         0x00000000080027e6        0x2 
 .text.HAL_SPI_Receive
                0x00000000080027e8      0x23c Drivers/STM32L0xx_HAL_Driver/Src/stm32l0xx_hal_spi.o
                0x00000000080027e8                HAL_SPI_Receive
 .text.HAL_SPI_TransmitReceive
                0x0000000008002a24      0x378 Drivers/STM32L0xx_HAL_Driver/Src/stm32l0xx_hal_spi.o
                0x0000000008002a24                HAL_SPI_TransmitReceive
 .text.SPI_WaitFlagStateUntilTimeout
                0x0000000008002d9c       0xe0 Drivers/STM32L0xx_HAL_Driver/Src/stm32l0xx_hal_spi.o
 .text.SPI_EndRxTransaction
                0x0000000008002e7c       0xd4 Drivers/STM32L0xx_HAL_Driver/Src/stm32l0xx_hal_spi.o
 .text.SPI_EndRxTxTransaction
                0x0000000008002f50       0x7a Drivers/STM32L0xx_HAL_Driver/Src/stm32l0xx_hal_spi.o
 *fill*         0x0000000008002fca        0x2 
 .text.__libc_init_array
                0x0000000008002fcc       0x48 d:/st/stm32cubeide_1.4.0/stm32cubeide/plugins/com.st.stm32cube.ide.mcu.externaltools.gnu-tools-for-stm32.7-2018-q2-update.win32_1.5.0.202011040924/tools/bin/../lib/gcc/arm-none-eabi/7.3.1/../../../../arm-none-eabi/lib/thumb/v6-m\libc_nano.a(lib_a-init.o)
                0x0000000008002fcc                __libc_init_array
 .text.memset   0x0000000008003014       0x10 d:/st/stm32cubeide_1.4.0/stm32cubeide/plugins/com.st.stm32cube.ide.mcu.externaltools.gnu-tools-for-stm32.7-2018-q2-update.win32_1.5.0.202011040924/tools/bin/../lib/gcc/arm-none-eabi/7.3.1/../../../../arm-none-eabi/lib/thumb/v6-m\libc_nano.a(lib_a-memset.o)
                0x0000000008003014                memset
 *(.glue_7)
 .glue_7        0x0000000008003024        0x0 linker stubs
 *(.glue_7t)
 .glue_7t       0x0000000008003024        0x0 linker stubs
 *(.eh_frame)
 .eh_frame      0x0000000008003024        0x0 d:/st/stm32cubeide_1.4.0/stm32cubeide/plugins/com.st.stm32cube.ide.mcu.externaltools.gnu-tools-for-stm32.7-2018-q2-update.win32_1.5.0.202011040924/tools/bin/../lib/gcc/arm-none-eabi/7.3.1/thumb/v6-m/crtbegin.o
 *(.init)
 .init          0x0000000008003024        0x4 d:/st/stm32cubeide_1.4.0/stm32cubeide/plugins/com.st.stm32cube.ide.mcu.externaltools.gnu-tools-for-stm32.7-2018-q2-update.win32_1.5.0.202011040924/tools/bin/../lib/gcc/arm-none-eabi/7.3.1/thumb/v6-m/crti.o
                0x0000000008003024                _init
 .init          0x0000000008003028        0x8 d:/st/stm32cubeide_1.4.0/stm32cubeide/plugins/com.st.stm32cube.ide.mcu.externaltools.gnu-tools-for-stm32.7-2018-q2-update.win32_1.5.0.202011040924/tools/bin/../lib/gcc/arm-none-eabi/7.3.1/thumb/v6-m/crtn.o
 *(.fini)
 .fini          0x0000000008003030        0x4 d:/st/stm32cubeide_1.4.0/stm32cubeide/plugins/com.st.stm32cube.ide.mcu.externaltools.gnu-tools-for-stm32.7-2018-q2-update.win32_1.5.0.202011040924/tools/bin/../lib/gcc/arm-none-eabi/7.3.1/thumb/v6-m/crti.o
                0x0000000008003030                _fini
 .fini          0x0000000008003034        0x8 d:/st/stm32cubeide_1.4.0/stm32cubeide/plugins/com.st.stm32cube.ide.mcu.externaltools.gnu-tools-for-stm32.7-2018-q2-update.win32_1.5.0.202011040924/tools/bin/../lib/gcc/arm-none-eabi/7.3.1/thumb/v6-m/crtn.o
                0x000000000800303c                . = ALIGN (0x4)
                0x000000000800303c                _etext = .

.vfp11_veneer   0x000000000800303c        0x0
 .vfp11_veneer  0x000000000800303c        0x0 linker stubs

.v4_bx          0x000000000800303c        0x0
 .v4_bx         0x000000000800303c        0x0 linker stubs

.iplt           0x000000000800303c        0x0
 .iplt          0x000000000800303c        0x0 d:/st/stm32cubeide_1.4.0/stm32cubeide/plugins/com.st.stm32cube.ide.mcu.externaltools.gnu-tools-for-stm32.7-2018-q2-update.win32_1.5.0.202011040924/tools/bin/../lib/gcc/arm-none-eabi/7.3.1/thumb/v6-m/crtbegin.o

.rodata         0x000000000800303c       0x1c
                0x000000000800303c                . = ALIGN (0x4)
 *(.rodata)
 *(.rodata*)
 .rodata.AHBPrescTable
                0x000000000800303c       0x10 Core/Src/system_stm32l0xx.o
                0x000000000800303c                AHBPrescTable
 .rodata.PLLMulTable
                0x000000000800304c        0x9 Core/Src/system_stm32l0xx.o
                0x000000000800304c                PLLMulTable
                0x0000000008003058                . = ALIGN (0x4)
 *fill*         0x0000000008003055        0x3 

.rel.dyn        0x0000000008003058        0x0
 .rel.iplt      0x0000000008003058        0x0 d:/st/stm32cubeide_1.4.0/stm32cubeide/plugins/com.st.stm32cube.ide.mcu.externaltools.gnu-tools-for-stm32.7-2018-q2-update.win32_1.5.0.202011040924/tools/bin/../lib/gcc/arm-none-eabi/7.3.1/thumb/v6-m/crtbegin.o

.ARM.extab      0x0000000008003058        0x0
                0x0000000008003058                . = ALIGN (0x4)
 *(.ARM.extab* .gnu.linkonce.armextab.*)
                0x0000000008003058                . = ALIGN (0x4)

.ARM            0x0000000008003058        0x0
                0x0000000008003058                . = ALIGN (0x4)
                0x0000000008003058                __exidx_start = .
 *(.ARM.exidx*)
                0x0000000008003058                __exidx_end = .
                0x0000000008003058                . = ALIGN (0x4)

.preinit_array  0x0000000008003058        0x0
                0x0000000008003058                . = ALIGN (0x4)
                0x0000000008003058                PROVIDE (__preinit_array_start = .)
 *(.preinit_array*)
                0x0000000008003058                PROVIDE (__preinit_array_end = .)
                0x0000000008003058                . = ALIGN (0x4)

.init_array     0x0000000008003058        0x4
                0x0000000008003058                . = ALIGN (0x4)
                0x0000000008003058                PROVIDE (__init_array_start = .)
 *(SORT_BY_NAME(.init_array.*))
 *(.init_array*)
 .init_array    0x0000000008003058        0x4 d:/st/stm32cubeide_1.4.0/stm32cubeide/plugins/com.st.stm32cube.ide.mcu.externaltools.gnu-tools-for-stm32.7-2018-q2-update.win32_1.5.0.202011040924/tools/bin/../lib/gcc/arm-none-eabi/7.3.1/thumb/v6-m/crtbegin.o
                0x000000000800305c                PROVIDE (__init_array_end = .)
                0x000000000800305c                . = ALIGN (0x4)

.fini_array     0x000000000800305c        0x4
                0x000000000800305c                . = ALIGN (0x4)
                [!provide]                        PROVIDE (__fini_array_start = .)
 *(SORT_BY_NAME(.fini_array.*))
 *(.fini_array*)
 .fini_array    0x000000000800305c        0x4 d:/st/stm32cubeide_1.4.0/stm32cubeide/plugins/com.st.stm32cube.ide.mcu.externaltools.gnu-tools-for-stm32.7-2018-q2-update.win32_1.5.0.202011040924/tools/bin/../lib/gcc/arm-none-eabi/7.3.1/thumb/v6-m/crtbegin.o
                [!provide]                        PROVIDE (__fini_array_end = .)
                0x0000000008003060                . = ALIGN (0x4)
                0x0000000008003060                _sidata = LOADADDR (.data)

.data           0x0000000020000000        0xc load address 0x0000000008003060
                0x0000000020000000                . = ALIGN (0x4)
                0x0000000020000000                _sdata = .
 *(.data)
 *(.data*)
 .data.SystemCoreClock
                0x0000000020000000        0x4 Core/Src/system_stm32l0xx.o
                0x0000000020000000                SystemCoreClock
 .data.uwTickPrio
                0x0000000020000004        0x4 Drivers/STM32L0xx_HAL_Driver/Src/stm32l0xx_hal.o
                0x0000000020000004                uwTickPrio
 .data.uwTickFreq
                0x0000000020000008        0x1 Drivers/STM32L0xx_HAL_Driver/Src/stm32l0xx_hal.o
                0x0000000020000008                uwTickFreq
                0x000000002000000c                . = ALIGN (0x4)
 *fill*         0x0000000020000009        0x3 
                0x000000002000000c                _edata = .

.igot.plt       0x000000002000000c        0x0 load address 0x000000000800306c
 .igot.plt      0x000000002000000c        0x0 d:/st/stm32cubeide_1.4.0/stm32cubeide/plugins/com.st.stm32cube.ide.mcu.externaltools.gnu-tools-for-stm32.7-2018-q2-update.win32_1.5.0.202011040924/tools/bin/../lib/gcc/arm-none-eabi/7.3.1/thumb/v6-m/crtbegin.o
                0x000000002000000c                . = ALIGN (0x4)

.bss            0x000000002000000c      0x128 load address 0x000000000800306c
                0x000000002000000c                _sbss = .
                0x000000002000000c                __bss_start__ = _sbss
 *(.bss)
 .bss           0x000000002000000c       0x1c d:/st/stm32cubeide_1.4.0/stm32cubeide/plugins/com.st.stm32cube.ide.mcu.externaltools.gnu-tools-for-stm32.7-2018-q2-update.win32_1.5.0.202011040924/tools/bin/../lib/gcc/arm-none-eabi/7.3.1/thumb/v6-m/crtbegin.o
 *(.bss*)
 .bss.status_reg
                0x0000000020000028        0x1 Core/Src/nrf24.o
 *fill*         0x0000000020000029        0x3 
 .bss.nrf24_hspi
                0x000000002000002c        0x4 Core/Src/nrf24.o
 *(COMMON)
 COMMON         0x0000000020000030      0x100 Core/Src/main.o
                0x0000000020000030                hi2c1
                0x000000002000007c                hspi1
                0x00000000200000d4                hadc
 COMMON         0x0000000020000130        0x4 Drivers/STM32L0xx_HAL_Driver/Src/stm32l0xx_hal.o
                0x0000000020000130                uwTick
                0x0000000020000134                . = ALIGN (0x4)
                0x0000000020000134                _ebss = .
                0x0000000020000134                __bss_end__ = _ebss

._user_heap_stack
                0x0000000020000134      0x604 load address 0x000000000800306c
                0x0000000020000138                . = ALIGN (0x8)
 *fill*         0x0000000020000134        0x4 
                [!provide]                        PROVIDE (end = .)
                0x0000000020000138                PROVIDE (_end = .)
                0x0000000020000338                . = (. + _Min_Heap_Size)
 *fill*         0x0000000020000138      0x200 
                0x0000000020000738                . = (. + _Min_Stack_Size)
 *fill*         0x0000000020000338      0x400 
                0x0000000020000738                . = ALIGN (0x8)

/DISCARD/
 libc.a(*)
 libm.a(*)
 libgcc.a(*)

.ARM.attributes
                0x0000000000000000       0x28
 *(.ARM.attributes)
 .ARM.attributes
                0x0000000000000000       0x1e d:/st/stm32cubeide_1.4.0/stm32cubeide/plugins/com.st.stm32cube.ide.mcu.externaltools.gnu-tools-for-stm32.7-2018-q2-update.win32_1.5.0.202011040924/tools/bin/../lib/gcc/arm-none-eabi/7.3.1/thumb/v6-m/crti.o
 .ARM.attributes
                0x000000000000001e       0x2c d:/st/stm32cubeide_1.4.0/stm32cubeide/plugins/com.st.stm32cube.ide.mcu.externaltools.gnu-tools-for-stm32.7-2018-q2-update.win32_1.5.0.202011040924/tools/bin/../lib/gcc/arm-none-eabi/7.3.1/thumb/v6-m/crtbegin.o
 .ARM.attributes
                0x000000000000004a       0x32 Core/Src/main.o
 .ARM.attributes
                0x000000000000007c       0x32 Core/Src/nrf24.o
 .ARM.attributes
                0x00000000000000ae       0x32 Core/Src/stm32l0xx_hal_msp.o
 .ARM.attributes
                0x00000000000000e0       0x32 Core/Src/stm32l0xx_it.o
 .ARM.attributes
                0x0000000000000112       0x32 Core/Src/system_stm32l0xx.o
 .ARM.attributes
                0x0000000000000144       0x22 Core/Startup/startup_stm32l031g6ux.o
 .ARM.attributes
                0x0000000000000166       0x32 Drivers/STM32L0xx_HAL_Driver/Src/stm32l0xx_hal.o
 .ARM.attributes
                0x0000000000000198       0x32 Drivers/STM32L0xx_HAL_Driver/Src/stm32l0xx_hal_adc.o
 .ARM.attributes
                0x00000000000001ca       0x32 Drivers/STM32L0xx_HAL_Driver/Src/stm32l0xx_hal_cortex.o
 .ARM.attributes
                0x00000000000001fc       0x32 Drivers/STM32L0xx_HAL_Driver/Src/stm32l0xx_hal_gpio.o
 .ARM.attributes
                0x000000000000022e       0x32 Drivers/STM32L0xx_HAL_Driver/Src/stm32l0xx_hal_i2c.o
 .ARM.attributes
                0x0000000000000260       0x32 Drivers/STM32L0xx_HAL_Driver/Src/stm32l0xx_hal_i2c_ex.o
 .ARM.attributes
                0x0000000000000292       0x32 Drivers/STM32L0xx_HAL_Driver/Src/stm32l0xx_hal_rcc.o
 .ARM.attributes
                0x00000000000002c4       0x32 Drivers/STM32L0xx_HAL_Driver/Src/stm32l0xx_hal_rcc_ex.o
 .ARM.attributes
                0x00000000000002f6       0x32 Drivers/STM32L0xx_HAL_Driver/Src/stm32l0xx_hal_spi.o
 .ARM.attributes
                0x0000000000000328       0x2c d:/st/stm32cubeide_1.4.0/stm32cubeide/plugins/com.st.stm32cube.ide.mcu.externaltools.gnu-tools-for-stm32.7-2018-q2-update.win32_1.5.0.202011040924/tools/bin/../lib/gcc/arm-none-eabi/7.3.1/../../../../arm-none-eabi/lib/thumb/v6-m\libc_nano.a(lib_a-init.o)
 .ARM.attributes
                0x0000000000000354       0x2c d:/st/stm32cubeide_1.4.0/stm32cubeide/plugins/com.st.stm32cube.ide.mcu.externaltools.gnu-tools-for-stm32.7-2018-q2-update.win32_1.5.0.202011040924/tools/bin/../lib/gcc/arm-none-eabi/7.3.1/../../../../arm-none-eabi/lib/thumb/v6-m\libc_nano.a(lib_a-memset.o)
 .ARM.attributes
                0x0000000000000380       0x1e d:/st/stm32cubeide_1.4.0/stm32cubeide/plugins/com.st.stm32cube.ide.mcu.externaltools.gnu-tools-for-stm32.7-2018-q2-update.win32_1.5.0.202011040924/tools/bin/../lib/gcc/arm-none-eabi/7.3.1/thumb/v6-m\libgcc.a(_udivsi3.o)
 .ARM.attributes
                0x000000000000039e       0x1e d:/st/stm32cubeide_1.4.0/stm32cubeide/plugins/com.st.stm32cube.ide.mcu.externaltools.gnu-tools-for-stm32.7-2018-q2-update.win32_1.5.0.202011040924/tools/bin/../lib/gcc/arm-none-eabi/7.3.1/thumb/v6-m\libgcc.a(_dvmd_tls.o)
 .ARM.attributes
                0x00000000000003bc       0x1e d:/st/stm32cubeide_1.4.0/stm32cubeide/plugins/com.st.stm32cube.ide.mcu.externaltools.gnu-tools-for-stm32.7-2018-q2-update.win32_1.5.0.202011040924/tools/bin/../lib/gcc/arm-none-eabi/7.3.1/thumb/v6-m/crtn.o
OUTPUT(NRF24.elf elf32-littlearm)

.debug_info     0x0000000000000000     0xa02d
 .debug_info    0x0000000000000000     0x1114 Core/Src/main.o
 .debug_info    0x0000000000001114      0x97f Core/Src/nrf24.o
 .debug_info    0x0000000000001a93      0xed4 Core/Src/stm32l0xx_hal_msp.o
 .debug_info    0x0000000000002967      0x1c2 Core/Src/stm32l0xx_it.o
 .debug_info    0x0000000000002b29      0x3d9 Core/Src/system_stm32l0xx.o
 .debug_info    0x0000000000002f02       0x22 Core/Startup/startup_stm32l031g6ux.o
 .debug_info    0x0000000000002f24      0x83f Drivers/STM32L0xx_HAL_Driver/Src/stm32l0xx_hal.o
 .debug_info    0x0000000000003763      0xd35 Drivers/STM32L0xx_HAL_Driver/Src/stm32l0xx_hal_adc.o
 .debug_info    0x0000000000004498      0x752 Drivers/STM32L0xx_HAL_Driver/Src/stm32l0xx_hal_cortex.o
 .debug_info    0x0000000000004bea      0x71a Drivers/STM32L0xx_HAL_Driver/Src/stm32l0xx_hal_gpio.o
 .debug_info    0x0000000000005304     0x1fe5 Drivers/STM32L0xx_HAL_Driver/Src/stm32l0xx_hal_i2c.o
 .debug_info    0x00000000000072e9      0x931 Drivers/STM32L0xx_HAL_Driver/Src/stm32l0xx_hal_i2c_ex.o
 .debug_info    0x0000000000007c1a      0x925 Drivers/STM32L0xx_HAL_Driver/Src/stm32l0xx_hal_rcc.o
 .debug_info    0x000000000000853f      0x522 Drivers/STM32L0xx_HAL_Driver/Src/stm32l0xx_hal_rcc_ex.o
 .debug_info    0x0000000000008a61     0x15cc Drivers/STM32L0xx_HAL_Driver/Src/stm32l0xx_hal_spi.o

.debug_abbrev   0x0000000000000000     0x1a07
 .debug_abbrev  0x0000000000000000      0x245 Core/Src/main.o
 .debug_abbrev  0x0000000000000245      0x1e6 Core/Src/nrf24.o
 .debug_abbrev  0x000000000000042b      0x19b Core/Src/stm32l0xx_hal_msp.o
 .debug_abbrev  0x00000000000005c6       0xc6 Core/Src/stm32l0xx_it.o
 .debug_abbrev  0x000000000000068c      0x12b Core/Src/system_stm32l0xx.o
 .debug_abbrev  0x00000000000007b7       0x12 Core/Startup/startup_stm32l031g6ux.o
 .debug_abbrev  0x00000000000007c9      0x235 Drivers/STM32L0xx_HAL_Driver/Src/stm32l0xx_hal.o
 .debug_abbrev  0x00000000000009fe      0x1fa Drivers/STM32L0xx_HAL_Driver/Src/stm32l0xx_hal_adc.o
 .debug_abbrev  0x0000000000000bf8      0x23c Drivers/STM32L0xx_HAL_Driver/Src/stm32l0xx_hal_cortex.o
 .debug_abbrev  0x0000000000000e34      0x1c0 Drivers/STM32L0xx_HAL_Driver/Src/stm32l0xx_hal_gpio.o
 .debug_abbrev  0x0000000000000ff4      0x239 Drivers/STM32L0xx_HAL_Driver/Src/stm32l0xx_hal_i2c.o
 .debug_abbrev  0x000000000000122d      0x1b0 Drivers/STM32L0xx_HAL_Driver/Src/stm32l0xx_hal_i2c_ex.o
 .debug_abbrev  0x00000000000013dd      0x21a Drivers/STM32L0xx_HAL_Driver/Src/stm32l0xx_hal_rcc.o
 .debug_abbrev  0x00000000000015f7      0x1d0 Drivers/STM32L0xx_HAL_Driver/Src/stm32l0xx_hal_rcc_ex.o
 .debug_abbrev  0x00000000000017c7      0x240 Drivers/STM32L0xx_HAL_Driver/Src/stm32l0xx_hal_spi.o

.debug_aranges  0x0000000000000000      0xa58
 .debug_aranges
                0x0000000000000000       0x50 Core/Src/main.o
 .debug_aranges
                0x0000000000000050       0x80 Core/Src/nrf24.o
 .debug_aranges
                0x00000000000000d0       0x50 Core/Src/stm32l0xx_hal_msp.o
 .debug_aranges
                0x0000000000000120       0x40 Core/Src/stm32l0xx_it.o
 .debug_aranges
                0x0000000000000160       0x28 Core/Src/system_stm32l0xx.o
 .debug_aranges
                0x0000000000000188       0x28 Core/Startup/startup_stm32l031g6ux.o
 .debug_aranges
                0x00000000000001b0      0x110 Drivers/STM32L0xx_HAL_Driver/Src/stm32l0xx_hal.o
 .debug_aranges
                0x00000000000002c0      0x100 Drivers/STM32L0xx_HAL_Driver/Src/stm32l0xx_hal_adc.o
 .debug_aranges
                0x00000000000003c0       0xc0 Drivers/STM32L0xx_HAL_Driver/Src/stm32l0xx_hal_cortex.o
 .debug_aranges
                0x0000000000000480       0x58 Drivers/STM32L0xx_HAL_Driver/Src/stm32l0xx_hal_gpio.o
 .debug_aranges
                0x00000000000004d8      0x290 Drivers/STM32L0xx_HAL_Driver/Src/stm32l0xx_hal_i2c.o
 .debug_aranges
                0x0000000000000768       0x48 Drivers/STM32L0xx_HAL_Driver/Src/stm32l0xx_hal_i2c_ex.o
 .debug_aranges
                0x00000000000007b0       0x80 Drivers/STM32L0xx_HAL_Driver/Src/stm32l0xx_hal_rcc.o
 .debug_aranges
                0x0000000000000830       0x58 Drivers/STM32L0xx_HAL_Driver/Src/stm32l0xx_hal_rcc_ex.o
 .debug_aranges
                0x0000000000000888      0x1d0 Drivers/STM32L0xx_HAL_Driver/Src/stm32l0xx_hal_spi.o

.debug_ranges   0x0000000000000000      0x970
 .debug_ranges  0x0000000000000000       0x40 Core/Src/main.o
 .debug_ranges  0x0000000000000040       0x70 Core/Src/nrf24.o
 .debug_ranges  0x00000000000000b0       0x40 Core/Src/stm32l0xx_hal_msp.o
 .debug_ranges  0x00000000000000f0       0x30 Core/Src/stm32l0xx_it.o
 .debug_ranges  0x0000000000000120       0x18 Core/Src/system_stm32l0xx.o
 .debug_ranges  0x0000000000000138       0x20 Core/Startup/startup_stm32l031g6ux.o
 .debug_ranges  0x0000000000000158      0x100 Drivers/STM32L0xx_HAL_Driver/Src/stm32l0xx_hal.o
 .debug_ranges  0x0000000000000258       0xf0 Drivers/STM32L0xx_HAL_Driver/Src/stm32l0xx_hal_adc.o
 .debug_ranges  0x0000000000000348       0xb0 Drivers/STM32L0xx_HAL_Driver/Src/stm32l0xx_hal_cortex.o
 .debug_ranges  0x00000000000003f8       0x48 Drivers/STM32L0xx_HAL_Driver/Src/stm32l0xx_hal_gpio.o
 .debug_ranges  0x0000000000000440      0x280 Drivers/STM32L0xx_HAL_Driver/Src/stm32l0xx_hal_i2c.o
 .debug_ranges  0x00000000000006c0       0x38 Drivers/STM32L0xx_HAL_Driver/Src/stm32l0xx_hal_i2c_ex.o
 .debug_ranges  0x00000000000006f8       0x70 Drivers/STM32L0xx_HAL_Driver/Src/stm32l0xx_hal_rcc.o
 .debug_ranges  0x0000000000000768       0x48 Drivers/STM32L0xx_HAL_Driver/Src/stm32l0xx_hal_rcc_ex.o
 .debug_ranges  0x00000000000007b0      0x1c0 Drivers/STM32L0xx_HAL_Driver/Src/stm32l0xx_hal_spi.o

.debug_macro    0x0000000000000000    0x10762
 .debug_macro   0x0000000000000000      0x1d0 Core/Src/main.o
 .debug_macro   0x00000000000001d0      0xa48 Core/Src/main.o
 .debug_macro   0x0000000000000c18      0x11f Core/Src/main.o
 .debug_macro   0x0000000000000d37       0x2e Core/Src/main.o
 .debug_macro   0x0000000000000d65       0x28 Core/Src/main.o
 .debug_macro   0x0000000000000d8d       0x22 Core/Src/main.o
 .debug_macro   0x0000000000000daf       0x8e Core/Src/main.o
 .debug_macro   0x0000000000000e3d       0x51 Core/Src/main.o
 .debug_macro   0x0000000000000e8e       0xef Core/Src/main.o
 .debug_macro   0x0000000000000f7d       0x6a Core/Src/main.o
 .debug_macro   0x0000000000000fe7      0x1df Core/Src/main.o
 .debug_macro   0x00000000000011c6       0x34 Core/Src/main.o
 .debug_macro   0x00000000000011fa       0x26 Core/Src/main.o
 .debug_macro   0x0000000000001220      0x329 Core/Src/main.o
 .debug_macro   0x0000000000001549     0x7ef2 Core/Src/main.o
 .debug_macro   0x000000000000943b       0x3c Core/Src/main.o
 .debug_macro   0x0000000000009477     0x352c Core/Src/main.o
 .debug_macro   0x000000000000c9a3      0x174 Core/Src/main.o
 .debug_macro   0x000000000000cb17       0x5b Core/Src/main.o
 .debug_macro   0x000000000000cb72      0x8ae Core/Src/main.o
 .debug_macro   0x000000000000d420      0x474 Core/Src/main.o
 .debug_macro   0x000000000000d894      0x13f Core/Src/main.o
 .debug_macro   0x000000000000d9d3      0x10d Core/Src/main.o
 .debug_macro   0x000000000000dae0      0x28e Core/Src/main.o
 .debug_macro   0x000000000000dd6e       0x28 Core/Src/main.o
 .debug_macro   0x000000000000dd96      0x4e1 Core/Src/main.o
 .debug_macro   0x000000000000e277       0x6b Core/Src/main.o
 .debug_macro   0x000000000000e2e2      0x129 Core/Src/main.o
 .debug_macro   0x000000000000e40b      0x244 Core/Src/main.o
 .debug_macro   0x000000000000e64f      0x22c Core/Src/main.o
 .debug_macro   0x000000000000e87b       0x5b Core/Src/main.o
 .debug_macro   0x000000000000e8d6       0xa5 Core/Src/main.o
 .debug_macro   0x000000000000e97b      0x18d Core/Src/main.o
 .debug_macro   0x000000000000eb08       0x16 Core/Src/main.o
 .debug_macro   0x000000000000eb1e      0x22c Core/Src/main.o
 .debug_macro   0x000000000000ed4a      0x12a Core/Src/main.o
 .debug_macro   0x000000000000ee74       0x58 Core/Src/main.o
 .debug_macro   0x000000000000eecc      0x106 Core/Src/main.o
 .debug_macro   0x000000000000efd2      0x1cc Core/Src/nrf24.o
 .debug_macro   0x000000000000f19e      0x1bd Core/Src/stm32l0xx_hal_msp.o
 .debug_macro   0x000000000000f35b      0x1c7 Core/Src/stm32l0xx_it.o
 .debug_macro   0x000000000000f522      0x1b4 Core/Src/system_stm32l0xx.o
 .debug_macro   0x000000000000f6d6      0x1d2 Drivers/STM32L0xx_HAL_Driver/Src/stm32l0xx_hal.o
 .debug_macro   0x000000000000f8a8      0x1bd Drivers/STM32L0xx_HAL_Driver/Src/stm32l0xx_hal_adc.o
 .debug_macro   0x000000000000fa65      0x1ae Drivers/STM32L0xx_HAL_Driver/Src/stm32l0xx_hal_cortex.o
 .debug_macro   0x000000000000fc13      0x1e6 Drivers/STM32L0xx_HAL_Driver/Src/stm32l0xx_hal_gpio.o
 .debug_macro   0x000000000000fdf9      0x273 Drivers/STM32L0xx_HAL_Driver/Src/stm32l0xx_hal_i2c.o
 .debug_macro   0x000000000001006c      0x1ae Drivers/STM32L0xx_HAL_Driver/Src/stm32l0xx_hal_i2c_ex.o
 .debug_macro   0x000000000001021a      0x1e4 Drivers/STM32L0xx_HAL_Driver/Src/stm32l0xx_hal_rcc.o
 .debug_macro   0x00000000000103fe      0x1ae Drivers/STM32L0xx_HAL_Driver/Src/stm32l0xx_hal_rcc_ex.o
 .debug_macro   0x00000000000105ac      0x1b6 Drivers/STM32L0xx_HAL_Driver/Src/stm32l0xx_hal_spi.o

.debug_line     0x0000000000000000     0x8edb
 .debug_line    0x0000000000000000      0x797 Core/Src/main.o
 .debug_line    0x0000000000000797      0x7c7 Core/Src/nrf24.o
 .debug_line    0x0000000000000f5e      0x73c Core/Src/stm32l0xx_hal_msp.o
 .debug_line    0x000000000000169a      0x704 Core/Src/stm32l0xx_it.o
 .debug_line    0x0000000000001d9e      0x6df Core/Src/system_stm32l0xx.o
 .debug_line    0x000000000000247d       0x8a Core/Startup/startup_stm32l031g6ux.o
 .debug_line    0x0000000000002507      0x8fb Drivers/STM32L0xx_HAL_Driver/Src/stm32l0xx_hal.o
 .debug_line    0x0000000000002e02      0xb91 Drivers/STM32L0xx_HAL_Driver/Src/stm32l0xx_hal_adc.o
 .debug_line    0x0000000000003993      0x876 Drivers/STM32L0xx_HAL_Driver/Src/stm32l0xx_hal_cortex.o
 .debug_line    0x0000000000004209      0x829 Drivers/STM32L0xx_HAL_Driver/Src/stm32l0xx_hal_gpio.o
 .debug_line    0x0000000000004a32     0x1aa0 Drivers/STM32L0xx_HAL_Driver/Src/stm32l0xx_hal_i2c.o
 .debug_line    0x00000000000064d2      0x7f4 Drivers/STM32L0xx_HAL_Driver/Src/stm32l0xx_hal_i2c_ex.o
 .debug_line    0x0000000000006cc6      0x95d Drivers/STM32L0xx_HAL_Driver/Src/stm32l0xx_hal_rcc.o
 .debug_line    0x0000000000007623      0x84d Drivers/STM32L0xx_HAL_Driver/Src/stm32l0xx_hal_rcc_ex.o
 .debug_line    0x0000000000007e70     0x106b Drivers/STM32L0xx_HAL_Driver/Src/stm32l0xx_hal_spi.o

.debug_str      0x0000000000000000    0x63fe8
 .debug_str     0x0000000000000000    0x61958 Core/Src/main.o
                                      0x61d07 (size before relaxing)
 .debug_str     0x0000000000061958      0x12e Core/Src/nrf24.o
                                      0x6161b (size before relaxing)
 .debug_str     0x0000000000061a86       0x97 Core/Src/stm32l0xx_hal_msp.o
                                      0x61645 (size before relaxing)
 .debug_str     0x0000000000061b1d       0x76 Core/Src/stm32l0xx_it.o
                                      0x60c85 (size before relaxing)
 .debug_str     0x0000000000061b93       0x9c Core/Src/system_stm32l0xx.o
                                      0x60bec (size before relaxing)
 .debug_str     0x0000000000061c2f       0x36 Core/Startup/startup_stm32l031g6ux.o
                                         0x71 (size before relaxing)
 .debug_str     0x0000000000061c65      0x50a Drivers/STM32L0xx_HAL_Driver/Src/stm32l0xx_hal.o
                                      0x611dc (size before relaxing)
 .debug_str     0x000000000006216f      0x360 Drivers/STM32L0xx_HAL_Driver/Src/stm32l0xx_hal_adc.o
                                      0x612a8 (size before relaxing)
 .debug_str     0x00000000000624cf      0x1bc Drivers/STM32L0xx_HAL_Driver/Src/stm32l0xx_hal_cortex.o
                                      0x60eda (size before relaxing)
 .debug_str     0x000000000006268b      0x247 Drivers/STM32L0xx_HAL_Driver/Src/stm32l0xx_hal_gpio.o
                                      0x60e9c (size before relaxing)
 .debug_str     0x00000000000628d2      0xd3e Drivers/STM32L0xx_HAL_Driver/Src/stm32l0xx_hal_i2c.o
                                      0x61e12 (size before relaxing)
 .debug_str     0x0000000000063610       0xb8 Drivers/STM32L0xx_HAL_Driver/Src/stm32l0xx_hal_i2c_ex.o
                                      0x61157 (size before relaxing)
 .debug_str     0x00000000000636c8      0x2c7 Drivers/STM32L0xx_HAL_Driver/Src/stm32l0xx_hal_rcc.o
                                      0x61076 (size before relaxing)
 .debug_str     0x000000000006398f      0x13a Drivers/STM32L0xx_HAL_Driver/Src/stm32l0xx_hal_rcc_ex.o
                                      0x60daa (size before relaxing)
 .debug_str     0x0000000000063ac9      0x51f Drivers/STM32L0xx_HAL_Driver/Src/stm32l0xx_hal_spi.o
                                      0x6143b (size before relaxing)

.comment        0x0000000000000000       0x7b
 .comment       0x0000000000000000       0x7b Core/Src/main.o
                                         0x7c (size before relaxing)
 .comment       0x000000000000007b       0x7c Core/Src/nrf24.o
 .comment       0x000000000000007b       0x7c Core/Src/stm32l0xx_hal_msp.o
 .comment       0x000000000000007b       0x7c Core/Src/stm32l0xx_it.o
 .comment       0x000000000000007b       0x7c Core/Src/system_stm32l0xx.o
 .comment       0x000000000000007b       0x7c Drivers/STM32L0xx_HAL_Driver/Src/stm32l0xx_hal.o
 .comment       0x000000000000007b       0x7c Drivers/STM32L0xx_HAL_Driver/Src/stm32l0xx_hal_adc.o
 .comment       0x000000000000007b       0x7c Drivers/STM32L0xx_HAL_Driver/Src/stm32l0xx_hal_cortex.o
 .comment       0x000000000000007b       0x7c Drivers/STM32L0xx_HAL_Driver/Src/stm32l0xx_hal_gpio.o
 .comment       0x000000000000007b       0x7c Drivers/STM32L0xx_HAL_Driver/Src/stm32l0xx_hal_i2c.o
 .comment       0x000000000000007b       0x7c Drivers/STM32L0xx_HAL_Driver/Src/stm32l0xx_hal_i2c_ex.o
 .comment       0x000000000000007b       0x7c Drivers/STM32L0xx_HAL_Driver/Src/stm32l0xx_hal_rcc.o
 .comment       0x000000000000007b       0x7c Drivers/STM32L0xx_HAL_Driver/Src/stm32l0xx_hal_rcc_ex.o
 .comment       0x000000000000007b       0x7c Drivers/STM32L0xx_HAL_Driver/Src/stm32l0xx_hal_spi.o

.debug_frame    0x0000000000000000     0x2464
 .debug_frame   0x0000000000000000       0xe4 Core/Src/main.o
 .debug_frame   0x00000000000000e4      0x1bc Core/Src/nrf24.o
 .debug_frame   0x00000000000002a0       0xec Core/Src/stm32l0xx_hal_msp.o
 .debug_frame   0x000000000000038c       0x9c Core/Src/stm32l0xx_it.o
 .debug_frame   0x0000000000000428       0x4c Core/Src/system_stm32l0xx.o
 .debug_frame   0x0000000000000474      0x394 Drivers/STM32L0xx_HAL_Driver/Src/stm32l0xx_hal.o
 .debug_frame   0x0000000000000808      0x3c0 Drivers/STM32L0xx_HAL_Driver/Src/stm32l0xx_hal_adc.o
 .debug_frame   0x0000000000000bc8      0x2a0 Drivers/STM32L0xx_HAL_Driver/Src/stm32l0xx_hal_cortex.o
 .debug_frame   0x0000000000000e68      0x110 Drivers/STM32L0xx_HAL_Driver/Src/stm32l0xx_hal_gpio.o
 .debug_frame   0x0000000000000f78      0xa20 Drivers/STM32L0xx_HAL_Driver/Src/stm32l0xx_hal_i2c.o
 .debug_frame   0x0000000000001998       0xd0 Drivers/STM32L0xx_HAL_Driver/Src/stm32l0xx_hal_i2c_ex.o
 .debug_frame   0x0000000000001a68      0x1a4 Drivers/STM32L0xx_HAL_Driver/Src/stm32l0xx_hal_rcc.o
 .debug_frame   0x0000000000001c0c       0xfc Drivers/STM32L0xx_HAL_Driver/Src/stm32l0xx_hal_rcc_ex.o
 .debug_frame   0x0000000000001d08      0x6f0 Drivers/STM32L0xx_HAL_Driver/Src/stm32l0xx_hal_spi.o
 .debug_frame   0x00000000000023f8       0x2c d:/st/stm32cubeide_1.4.0/stm32cubeide/plugins/com.st.stm32cube.ide.mcu.externaltools.gnu-tools-for-stm32.7-2018-q2-update.win32_1.5.0.202011040924/tools/bin/../lib/gcc/arm-none-eabi/7.3.1/../../../../arm-none-eabi/lib/thumb/v6-m\libc_nano.a(lib_a-init.o)
 .debug_frame   0x0000000000002424       0x20 d:/st/stm32cubeide_1.4.0/stm32cubeide/plugins/com.st.stm32cube.ide.mcu.externaltools.gnu-tools-for-stm32.7-2018-q2-update.win32_1.5.0.202011040924/tools/bin/../lib/gcc/arm-none-eabi/7.3.1/../../../../arm-none-eabi/lib/thumb/v6-m\libc_nano.a(lib_a-memset.o)
 .debug_frame   0x0000000000002444       0x20 d:/st/stm32cubeide_1.4.0/stm32cubeide/plugins/com.st.stm32cube.ide.mcu.externaltools.gnu-tools-for-stm32.7-2018-q2-update.win32_1.5.0.202011040924/tools/bin/../lib/gcc/arm-none-eabi/7.3.1/thumb/v6-m\libgcc.a(_udivsi3.o)
